1 <missing> str
1 <missing> str
1 <missing> str
1 <missing> str
1 <missing> str
1 <missing> str
1 <missing> str
1 <missing> str
1 <missing> str
1 <missing> str
1 <missing> str
1 <missing> str
1 <missing> str
1 <missing> str
1 <missing> str
1 <missing> str
1 <missing> str
1 <missing> str
1 <missing> str
1 <missing> str
1 <missing> str
1 <missing> str
1 <missing> str
1 <missing> str
1 <missing> str
1 <missing> str
1 <missing> str
1 <missing> str
1 <missing> str
1 <missing> str
1 <missing> str
1 <missing> str
1 <missing> str
1 <missing> str
1 <missing> str
1 <missing> str
1 <missing> str
1 <missing> str
1 <missing> str
1 <missing> str
1 <missing> str
1 <missing> str
1 <missing> str
1 <missing> str
1 <missing> str
1 <missing> str
1 <missing> str
1 <missing> str
1 <missing> str
1 <missing> str
1 <missing> str
1 <missing> str
1 <missing> str
1 <missing> str
1 <missing> str
1 <missing> str
1 <missing> str
1 <missing> str
1 <missing> str
1 <missing> str
1 <missing> str
1 <missing> str
1 <missing> str
1 <missing> str
1 <missing> str
1 <missing> str
1 <missing> str
1 <missing> str
1 <missing> str
1 <missing> str
1 <missing> str
1 <missing> str
1 <missing> str
1 <missing> str
1 <missing> str
1 <missing> str
1 <missing> str
1 <missing> str
1 <missing> str
1 <missing> str
1 <missing> str
1 <missing> str
1 <missing> str
1 <missing> str
1 <missing> str
1 <missing> str
1 <missing> str
1 <missing> str
1 <missing> str
1 <missing> str
1 <missing> str
1 <missing> str
1 <missing> str
1 <missing> str
1 <missing> str
1 <missing> str
1 <missing> str
1 <missing> str
1 <missing> str
1 <missing> str
1 <missing> str
1 <missing> str
1 <missing> str
1 <missing> str
1 <missing> str
1 <missing> str
1 <missing> str
1 <missing> str
1 <missing> str
1 <missing> str
1 <missing> str
1 <missing> str
1 <missing> str
1 <missing> str
1 <missing> str
1 <missing> str
1 <missing> str
1 <missing> str
1 <missing> str
1 <missing> str
1 <missing> str
1 <missing> str
1 <missing> str
1 <missing> str
1 <missing> str
1 <missing> str
1 <missing> str
1 <missing> str
1 <missing> str
1 <missing> str
1 <missing> str
1 <missing> str
1 <missing> str
1 <missing> str
1 <missing> str
1 <missing> str
1 <missing> str
1 <missing> str
1 <missing> str
1 <missing> str
1 <missing> str
1 <missing> str
1 <missing> str
1 <missing> str
1 <missing> str
1 <missing> str
1 <missing> str
1 <missing> str
1 <missing> str
1 <missing> str
1 <missing> str
1 <missing> str
1 <missing> str
1 <missing> str
1 <missing> str
1 <missing> str
1 <missing> str
1 <missing> str
1 <missing> str
1 <missing> str
1 <missing> str
1 <missing> str
1 <missing> str
1 <missing> str
1 <missing> str
1 <missing> str
1 <missing> str
1 <missing> str
1 <missing> str
1 <missing> str
1 <missing> str
1 <missing> str
1 <missing> str
1 <missing> str
1 <missing> str
1 <missing> str
1 <missing> str
1 <missing> str
1 <missing> str
1 <missing> str
1 <missing> str
1 <missing> str
1 <missing> str
1 <missing> str
1 <missing> str
1 <missing> str
1 <missing> str
1 <missing> str
1 <missing> str
1 <missing> str
1 <missing> str
1 <missing> str
1 <missing> str
1 <missing> str
1 <missing> str
1 <missing> str
1 <missing> str
1 <missing> str
1 <missing> str
1 <missing> str
1 <missing> str
1 <missing> str
1 <missing> str
1 <missing> str
1 <missing> str
1 <missing> str
1 <missing> str
1 <missing> str
1 <missing> str
1 <missing> str
1 <missing> str
1 <missing> str
1 <missing> str
1 <missing> str
1 <missing> str
1 <missing> str
1 <missing> str
1 <missing> str
1 <missing> str
1 <missing> str
1 <missing> str
1 <missing> str
1 <missing> str
1 <missing> str
1 <missing> str
1 <missing> str
1 <missing> str
1 <missing> str
1 <missing> str
1 <missing> str
1 <missing> str
1 <missing> str
1 <missing> str
1 <missing> str
1 <missing> str
1 <missing> str
1 <missing> str
1 <missing> str
1 <missing> str
1 <missing> str
1 <missing> str
1 <missing> str
1 <missing> str
1 <missing> str
1 <missing> str
1 <missing> str
1 <missing> str
1 <missing> str
1 <missing> str
1 <missing> str
1 <missing> str
1 <missing> str
1 <missing> str
1 <missing> str
1 <missing> str
1 <missing> str
1 <missing> str
1 <missing> str
1 <missing> str
1 <missing> str
1 <missing> str
1 <missing> str
1 <missing> str
1 <missing> str
1 <missing> str
1 <missing> str
1 <missing> str
1 <missing> str
1 <missing> str
1 <missing> str
1 <missing> str
1 <missing> str
1 <missing> str
1 <missing> str
1 <missing> str
1 <missing> str
1 <missing> str
1 <missing> str
1 <missing> str
1 <missing> str
1 <missing> str
1 <missing> str
1 <missing> str
1 <missing> str
1 <missing> str
1 <missing> str
1 <missing> str
1 <missing> str
1 <missing> str
1 <missing> str
1 <missing> str
1 <missing> str
1 <missing> str
1 <missing> str
1 <missing> str
1 <missing> str
1 <missing> str
1 <missing> str
1 <missing> str
1 <missing> str
1 <missing> str
1 <missing> str
1 <missing> str
1 <missing> str
1 <missing> str
1 <missing> str
1 <missing> str
1 <missing> str
1 <missing> str
1 <missing> str
1 <missing> str
1 <missing> str
1 <missing> str
1 <missing> str
1 <missing> str
1 <missing> str
1 <missing> str
1 <missing> str
1 <missing> str
1 <missing> str
1 <missing> str
1 <missing> str
1 <missing> str
1 <missing> str
1 <missing> str
1 <missing> str
1 <missing> str
1 <missing> str
1 <missing> str
1 <missing> str
1 <missing> str
1 <missing> str
1 <missing> str
1 <missing> str
1 <missing> str
1 <missing> str
1 <missing> str
1 <missing> str
1 <missing> str
1 <missing> str
1 <missing> str
1 <missing> str
1 <missing> str
1 <missing> str
1 <missing> str
1 <missing> str
1 <missing> str
1 <missing> str
1 <missing> str
1 <missing> str
1 <missing> str
1 <missing> str
1 <missing> str
1 <missing> str
1 <missing> str
1 <missing> str
1 <missing> str
1 <missing> str
1 <missing> str
1 <missing> str
1 <missing> str
1 <missing> str
1 <missing> str
1 <missing> str
1 <missing> str
1 <missing> str
1 <missing> str
1 <missing> str
1 <missing> str
1 <missing> str
1 <missing> str
1 <missing> str
1 <missing> str
1 <missing> str
1 <missing> str
1 <missing> str
1 <missing> str
1 <missing> str
1 <missing> str
1 <missing> str
1 <missing> str
1 <missing> str
1 <missing> str
1 <missing> str
1 <missing> str
1 <missing> str
1 <missing> str
1 <missing> str
1 <missing> str
1 <missing> str
1 <missing> str
1 <missing> str
1 <missing> str
1 <missing> str
1 <missing> str
1 <missing> str
1 <missing> str
1 <missing> str
1 <missing> str
1 <missing> str
1 <missing> str
1 <missing> str
1 <missing> str
1 <missing> str
1 <missing> str
1 <missing> str
1 <missing> str
1 <missing> str
1 <missing> str
1 <missing> str
1 <missing> str
1 <missing> str
1 <missing> str
1 <missing> str
1 <missing> str
1 <missing> str
1 <missing> str
1 <missing> str
1 <missing> str
1 <missing> str
1 <missing> str
1 <missing> str
1 <missing> str
1 <missing> str
1 <missing> str
1 <missing> str
1 <missing> str
1 <missing> str
1 <missing> str
1 <missing> str
1 <missing> str
1 <missing> str
1 <missing> str
1 <missing> str
1 <missing> str
1 <missing> str
1 <missing> str
1 <missing> str
1 <missing> str
1 <missing> str
1 <missing> str
1 <missing> str
1 <missing> str
1 <missing> str
1 <missing> str
1 <missing> str
1 <missing> str
1 <missing> str
1 <missing> str
1 <missing> str
1 <missing> str
1 <missing> str
1 <missing> str
1 <missing> str
1 <missing> str
1 <missing> str
1 <missing> str
1 <missing> str
1 <missing> str
1 <missing> str
1 <missing> str
1 <missing> str
1 <missing> str
1 <missing> str
1 <missing> str
1 <missing> str
1 <missing> str
1 <missing> str
1 <missing> str
1 <missing> str
1 <missing> str
1 <missing> str
1 <missing> str
1 <missing> str
1 <missing> str
1 <missing> str
1 <missing> str
1 <missing> str
1 <missing> str
1 <missing> str
1 <missing> str
1 <missing> str
1 <missing> str
1 <missing> str
1 <missing> str
1 <missing> str
1 <missing> str
1 <missing> str
1 <missing> str
1 <missing> str
1 <missing> str
1 <missing> str
1 <missing> str
1 <missing> str
1 <missing> str
1 <missing> str
1 <missing> str
1 <missing> str
1 <missing> str
1 <missing> str
1 <missing> str
1 <missing> str
1 <missing> str
1 <missing> str
1 <missing> str
1 <missing> str
1 <missing> str
1 <missing> str
1 <missing> str
1 <missing> str
1 <missing> str
1 <missing> str
1 <missing> str
1 <missing> str
1 <missing> str
1 <missing> str
1 <missing> str
1 <missing> str
1 <missing> str
1 <missing> str
1 <missing> str
1 <missing> str
1 <missing> str
1 <missing> str
1 <missing> str
1 <missing> str
1 <missing> str
1 <missing> str
1 <missing> str
1 <missing> str
1 <missing> str
1 <missing> str
1 <missing> str
1 <missing> str
1 <missing> str
1 <missing> str
1 <missing> str
1 <missing> str
1 <missing> str
1 <missing> str
1 <missing> str
1 <missing> str
1 <missing> str
1 <missing> str
1 <missing> str
1 <missing> str
1 <missing> str
1 <missing> str
1 <missing> str
1 <missing> str
1 <missing> str
1 <missing> str
1 <missing> str
1 <missing> str
1 <missing> str
1 <missing> str
1 <missing> str
1 <missing> str
1 <missing> str
1 <missing> str
1 <missing> str
1 <missing> str
1 <missing> str
1 <missing> str
1 <missing> str
1 <missing> str
1 <missing> str
1 <missing> str
1 <missing> str
1 <missing> str
1 <missing> str
1 <missing> str
1 <missing> str
1 <missing> str
1 <missing> str
1 <missing> str
1 <missing> str
1 <missing> str
1 <missing> str
1 <missing> str
1 <missing> str
1 <missing> str
1 <missing> str
1 <missing> str
1 <missing> str
1 <missing> str
1 <missing> str
1 <missing> str
1 <missing> str
1 <missing> str
1 <missing> str
1 <missing> str
1 <missing> str
1 <missing> str
1 <missing> str
1 <missing> str
1 <missing> str
1 <missing> str
1 <missing> str
1 <missing> str
1 <missing> str
1 <missing> str
1 <missing> str
1 <missing> str
1 <missing> str
1 <missing> str
1 <missing> str
1 <missing> str
1 <missing> str
1 <missing> str
1 <missing> str
1 <missing> str
1 <missing> str
1 <missing> str
1 <missing> str
1 <missing> str
1 <missing> str
1 <missing> str
1 <missing> str
1 <missing> str
1 <missing> str
1 <missing> str
1 <missing> str
1 <missing> str
1 <missing> str
1 <missing> str
1 <missing> str
1 <missing> str
1 <missing> str
1 <missing> str
1 <missing> str
1 <missing> str
1 <missing> str
1 <missing> str
1 <missing> str
1 <missing> str
1 <missing> str
1 <missing> str
1 <missing> str
1 <missing> str
1 <missing> str
1 <missing> str
1 <missing> str
1 <missing> str
1 <missing> str
1 <missing> str
1 <missing> str
1 <missing> str
1 <missing> str
1 <missing> str
1 <missing> str
1 <missing> str
1 <missing> str
1 <missing> str
1 <missing> str
1 <missing> str
1 <missing> str
1 <missing> str
1 <missing> str
1 <missing> str
1 <missing> str
1 <missing> str
1 <missing> str
1 <missing> str
1 <missing> str
1 <missing> str
1 <missing> str
1 <missing> str
1 <missing> str
1 <missing> str
1 <missing> str
1 <missing> str
1 <missing> str
1 <missing> str
1 <missing> str
1 <missing> str
1 <missing> str
1 <missing> str
1 <missing> str
1 <missing> str
1 <missing> str
1 <missing> str
1 <missing> str
1 <missing> str
1 <missing> str
1 <missing> str
1 <missing> str
1 <missing> str
1 <missing> str
1 <missing> str
1 <missing> str
1 <missing> str
1 <missing> str
1 <missing> str
1 <missing> str
1 <missing> str
1 <missing> str
1 <missing> str
1 <missing> str
1 <missing> str
1 <missing> str
1 <missing> str
1 <missing> str
1 <missing> str
1 <missing> str
1 <missing> str
1 <missing> str
1 <missing> str
1 <missing> str
1 <missing> str
1 <missing> str
1 <missing> str
1 <missing> str
1 <missing> str
1 <missing> str
1 <missing> str
1 <missing> str
1 <missing> str
1 <missing> str
1 <missing> str
1 <missing> str
1 <missing> str
1 <missing> str
1 <missing> str
1 <missing> str
1 <missing> str
1 <missing> str
1 <missing> str
1 <missing> str
1 <missing> str
1 <missing> str
1 <missing> str
1 <missing> str
1 <missing> str
1 <missing> str
1 <missing> str
1 <missing> str
1 <missing> str
1 <missing> str
1 <missing> str
1 <missing> str
1 <missing> str
1 <missing> str
1 <missing> str
1 <missing> str
1 <missing> str
1 <missing> str
1 <missing> str
1 <missing> str
1 <missing> str
1 <missing> str
1 <missing> str
1 <missing> str
1 <missing> str
1 <missing> str
1 <missing> str
1 <missing> str
1 <missing> str
1 <missing> str
1 <missing> str
1 <missing> str
1 <missing> str
1 <missing> str
1 <missing> str
1 <missing> str
1 <missing> str
1 <missing> str
1 <missing> str
1 <missing> str
1 <missing> str
1 <missing> str
1 <missing> str
1 <missing> str
1 <missing> str
1 <missing> str
1 <missing> str
1 <missing> str
1 <missing> str
1 <missing> str
1 <missing> str
1 <missing> str
1 <missing> str
1 <missing> str
1 <missing> str
1 <missing> str
1 <missing> str
1 <missing> str
1 <missing> str
1 <missing> str
1 <missing> str
1 <missing> str
1 <missing> str
1 <missing> str
1 <missing> str
1 <missing> str
1 <missing> str
1 <missing> str
1 <missing> str
1 <missing> str
1 <missing> str
1 <missing> str
1 <missing> str
1 <missing> str
1 <missing> str
1 <missing> str
1 <missing> str
1 <missing> str
1 <missing> str
1 <missing> str
1 <missing> str
1 <missing> str
1 <missing> str
1 <missing> str
1 <missing> str
1 <missing> str
1 <missing> str
1 <missing> str
1 <missing> str
1 <missing> str
1 <missing> str
1 <missing> str
1 <missing> str
1 <missing> str
1 <missing> str
1 <missing> str
1 <missing> str
1 <missing> str
1 <missing> str
1 <missing> str
1 <missing> str
1 <missing> str
1 <missing> str
1 <missing> str
1 <missing> str
1 <missing> str
1 <missing> str
1 <missing> str
1 <missing> str
1 <missing> str
1 <missing> str
1 <missing> str
1 <missing> str
1 <missing> str
1 <missing> str
1 <missing> str
1 <missing> str
1 <missing> str
1 <missing> str
1 <missing> str
1 <missing> str
1 <missing> str
1 <missing> str
1 <missing> str
1 <missing> str
1 <missing> str
1 <missing> str
1 <missing> str
1 <missing> str
1 <missing> str
1 <missing> str
1 <missing> str
1 <missing> str
1 <missing> str
1 <missing> str
1 <missing> str
1 <missing> str
1 <missing> str
1 <missing> str
1 <missing> str
1 <missing> str
1 <missing> str
1 <missing> str
1 <missing> str
1 <missing> str
1 <missing> str
1 <missing> str
1 <missing> str
1 <missing> str
1 <missing> str
1 <missing> str
1 <missing> str
1 <missing> str
1 <missing> str
1 <missing> str
1 <missing> str
1 <missing> str
1 <missing> str
1 <missing> str
1 <missing> str
1 <missing> str
1 <missing> str
1 <missing> str
1 <missing> str
1 <missing> str
1 <missing> str
1 <missing> str
1 <missing> str
1 <missing> str
1 <missing> str
1 <missing> str
1 <missing> str
1 <missing> str
1 <missing> str
1 <missing> str
1 <missing> str
1 <missing> str
1 <missing> str
1 <missing> str
1 <missing> str
1 <missing> str
1 <missing> str
1 <missing> str
1 <missing> str
1 <missing> str
1 <missing> str
1 <missing> str
1 <missing> str
1 <missing> str
1 <missing> str
1 <missing> str
1 <missing> str
1 <missing> str
1 <missing> str
1 <missing> str
1 <missing> str
1 <missing> str
1 <missing> str
1 <missing> str
1 <missing> str
1 <missing> str
1 <missing> str
1 <missing> str
1 <missing> str
1 <missing> str
1 <missing> str
1 <missing> str
1 <missing> str
1 <missing> str
1 <missing> str
1 <missing> str
1 <missing> str
1 <missing> str
1 <missing> str
1 <missing> str
1 <missing> str
1 <missing> str
1 <missing> str
1 <missing> str
1 <missing> str
1 <missing> str
1 <missing> str
1 <missing> str
1 <missing> str
1 <missing> str
1 <missing> str
1 <missing> str
1 <missing> str
1 <missing> str
1 <missing> str
1 <missing> str
1 <missing> str
1 <missing> str
1 <missing> str
1 <missing> str
1 <missing> str
1 <missing> str
1 <missing> str
1 <missing> str
1 <missing> str
1 <missing> str
1 <missing> str
1 <missing> str
1 <missing> str
1 <missing> str
1 <missing> str
1 <missing> str
1 <missing> str
1 <missing> str
1 <missing> str
1 <missing> str
1 <missing> str
1 <missing> str
1 <missing> str
1 <missing> str
1 <missing> str
1 <missing> str
1 <missing> str
1 <missing> str
1 <missing> str
1 <missing> str
1 <missing> str
1 <missing> str
1 <missing> str
1 <missing> str
1 <missing> str
1 <missing> str
1 <missing> str
1 <missing> str
1 <missing> str
1 <missing> str
