<missing> 1 str
<missing> 1 str
<missing> 1 str
<missing> 1 str
<missing> 1 str
<missing> 1 str
<missing> 1 str
<missing> 1 str
<missing> 1 str
<missing> 1 str
<missing> 1 str
<missing> 1 str
<missing> 1 str
<missing> 1 str
<missing> 1 str
<missing> 1 str
<missing> 1 str
<missing> 1 str
<missing> 1 str
<missing> 1 str
<missing> 1 str
<missing> 1 str
<missing> 1 str
<missing> 1 str
<missing> 1 str
<missing> 1 str
<missing> 1 str
<missing> 1 str
<missing> 1 str
<missing> 1 str
<missing> 1 str
<missing> 1 str
<missing> 1 str
<missing> 1 str
<missing> 1 str
<missing> 1 str
<missing> 1 str
<missing> 1 str
<missing> 1 str
<missing> 1 str
<missing> 1 str
<missing> 1 str
<missing> 1 str
<missing> 1 str
<missing> 1 str
<missing> 1 str
<missing> 1 str
<missing> 1 str
<missing> 1 str
<missing> 1 str
<missing> 1 str
<missing> 1 str
<missing> 1 str
<missing> 1 str
<missing> 1 str
<missing> 1 str
<missing> 1 str
<missing> 1 str
<missing> 1 str
<missing> 1 str
<missing> 1 str
<missing> 1 str
<missing> 1 str
<missing> 1 str
<missing> 1 str
<missing> 1 str
<missing> 1 str
<missing> 1 str
<missing> 1 str
<missing> 1 str
<missing> 1 str
<missing> 1 str
<missing> 1 str
<missing> 1 str
<missing> 1 str
<missing> 1 str
<missing> 1 str
<missing> 1 str
<missing> 1 str
<missing> 1 str
<missing> 1 str
<missing> 1 str
<missing> 1 str
<missing> 1 str
<missing> 1 str
<missing> 1 str
<missing> 1 str
<missing> 1 str
<missing> 1 str
<missing> 1 str
<missing> 1 str
<missing> 1 str
<missing> 1 str
<missing> 1 str
<missing> 1 str
<missing> 1 str
<missing> 1 str
<missing> 1 str
<missing> 1 str
<missing> 1 str
<missing> 1 str
<missing> 1 str
<missing> 1 str
<missing> 1 str
<missing> 1 str
<missing> 1 str
<missing> 1 str
<missing> 1 str
<missing> 1 str
<missing> 1 str
<missing> 1 str
<missing> 1 str
<missing> 1 str
<missing> 1 str
<missing> 1 str
<missing> 1 str
<missing> 1 str
<missing> 1 str
<missing> 1 str
<missing> 1 str
<missing> 1 str
<missing> 1 str
<missing> 1 str
<missing> 1 str
<missing> 1 str
<missing> 1 str
<missing> 1 str
<missing> 1 str
<missing> 1 str
<missing> 1 str
<missing> 1 str
<missing> 1 str
<missing> 1 str
<missing> 1 str
<missing> 1 str
<missing> 1 str
<missing> 1 str
<missing> 1 str
<missing> 1 str
<missing> 1 str
<missing> 1 str
<missing> 1 str
<missing> 1 str
<missing> 1 str
<missing> 1 str
<missing> 1 str
<missing> 1 str
<missing> 1 str
<missing> 1 str
<missing> 1 str
<missing> 1 str
<missing> 1 str
<missing> 1 str
<missing> 1 str
<missing> 1 str
<missing> 1 str
<missing> 1 str
<missing> 1 str
<missing> 1 str
<missing> 1 str
<missing> 1 str
<missing> 1 str
<missing> 1 str
<missing> 1 str
<missing> 1 str
<missing> 1 str
<missing> 1 str
<missing> 1 str
<missing> 1 str
<missing> 1 str
<missing> 1 str
<missing> 1 str
<missing> 1 str
<missing> 1 str
<missing> 1 str
<missing> 1 str
<missing> 1 str
<missing> 1 str
<missing> 1 str
<missing> 1 str
<missing> 1 str
<missing> 1 str
<missing> 1 str
<missing> 1 str
<missing> 1 str
<missing> 1 str
<missing> 1 str
<missing> 1 str
<missing> 1 str
<missing> 1 str
<missing> 1 str
<missing> 1 str
<missing> 1 str
<missing> 1 str
<missing> 1 str
<missing> 1 str
<missing> 1 str
<missing> 1 str
<missing> 1 str
<missing> 1 str
<missing> 1 str
<missing> 1 str
<missing> 1 str
<missing> 1 str
<missing> 1 str
<missing> 1 str
<missing> 1 str
<missing> 1 str
<missing> 1 str
<missing> 1 str
<missing> 1 str
<missing> 1 str
<missing> 1 str
<missing> 1 str
<missing> 1 str
<missing> 1 str
<missing> 1 str
<missing> 1 str
<missing> 1 str
<missing> 1 str
<missing> 1 str
<missing> 1 str
<missing> 1 str
<missing> 1 str
<missing> 1 str
<missing> 1 str
<missing> 1 str
<missing> 1 str
<missing> 1 str
<missing> 1 str
<missing> 1 str
<missing> 1 str
<missing> 1 str
<missing> 1 str
<missing> 1 str
<missing> 1 str
<missing> 1 str
<missing> 1 str
<missing> 1 str
<missing> 1 str
<missing> 1 str
<missing> 1 str
<missing> 1 str
<missing> 1 str
<missing> 1 str
<missing> 1 str
<missing> 1 str
<missing> 1 str
<missing> 1 str
<missing> 1 str
<missing> 1 str
<missing> 1 str
<missing> 1 str
<missing> 1 str
<missing> 1 str
<missing> 1 str
<missing> 1 str
<missing> 1 str
<missing> 1 str
<missing> 1 str
<missing> 1 str
<missing> 1 str
<missing> 1 str
<missing> 1 str
<missing> 1 str
<missing> 1 str
<missing> 1 str
<missing> 1 str
<missing> 1 str
<missing> 1 str
<missing> 1 str
<missing> 1 str
<missing> 1 str
<missing> 1 str
<missing> 1 str
<missing> 1 str
<missing> 1 str
<missing> 1 str
<missing> 1 str
<missing> 1 str
<missing> 1 str
<missing> 1 str
<missing> 1 str
<missing> 1 str
<missing> 1 str
<missing> 1 str
<missing> 1 str
<missing> 1 str
<missing> 1 str
<missing> 1 str
<missing> 1 str
<missing> 1 str
<missing> 1 str
<missing> 1 str
<missing> 1 str
<missing> 1 str
<missing> 1 str
<missing> 1 str
<missing> 1 str
<missing> 1 str
<missing> 1 str
<missing> 1 str
<missing> 1 str
<missing> 1 str
<missing> 1 str
<missing> 1 str
<missing> 1 str
<missing> 1 str
<missing> 1 str
<missing> 1 str
<missing> 1 str
<missing> 1 str
<missing> 1 str
<missing> 1 str
<missing> 1 str
<missing> 1 str
<missing> 1 str
<missing> 1 str
<missing> 1 str
<missing> 1 str
<missing> 1 str
<missing> 1 str
<missing> 1 str
<missing> 1 str
<missing> 1 str
<missing> 1 str
<missing> 1 str
<missing> 1 str
<missing> 1 str
<missing> 1 str
<missing> 1 str
<missing> 1 str
<missing> 1 str
<missing> 1 str
<missing> 1 str
<missing> 1 str
<missing> 1 str
<missing> 1 str
<missing> 1 str
<missing> 1 str
<missing> 1 str
<missing> 1 str
<missing> 1 str
<missing> 1 str
<missing> 1 str
<missing> 1 str
<missing> 1 str
<missing> 1 str
<missing> 1 str
<missing> 1 str
<missing> 1 str
<missing> 1 str
<missing> 1 str
<missing> 1 str
<missing> 1 str
<missing> 1 str
<missing> 1 str
<missing> 1 str
<missing> 1 str
<missing> 1 str
<missing> 1 str
<missing> 1 str
<missing> 1 str
<missing> 1 str
<missing> 1 str
<missing> 1 str
<missing> 1 str
<missing> 1 str
<missing> 1 str
<missing> 1 str
<missing> 1 str
<missing> 1 str
<missing> 1 str
<missing> 1 str
<missing> 1 str
<missing> 1 str
<missing> 1 str
<missing> 1 str
<missing> 1 str
<missing> 1 str
<missing> 1 str
<missing> 1 str
<missing> 1 str
<missing> 1 str
<missing> 1 str
<missing> 1 str
<missing> 1 str
<missing> 1 str
<missing> 1 str
<missing> 1 str
<missing> 1 str
<missing> 1 str
<missing> 1 str
<missing> 1 str
<missing> 1 str
<missing> 1 str
<missing> 1 str
<missing> 1 str
<missing> 1 str
<missing> 1 str
<missing> 1 str
<missing> 1 str
<missing> 1 str
<missing> 1 str
<missing> 1 str
<missing> 1 str
<missing> 1 str
<missing> 1 str
<missing> 1 str
<missing> 1 str
<missing> 1 str
<missing> 1 str
<missing> 1 str
<missing> 1 str
<missing> 1 str
<missing> 1 str
<missing> 1 str
<missing> 1 str
<missing> 1 str
<missing> 1 str
<missing> 1 str
<missing> 1 str
<missing> 1 str
<missing> 1 str
<missing> 1 str
<missing> 1 str
<missing> 1 str
<missing> 1 str
<missing> 1 str
<missing> 1 str
<missing> 1 str
<missing> 1 str
<missing> 1 str
<missing> 1 str
<missing> 1 str
<missing> 1 str
<missing> 1 str
<missing> 1 str
<missing> 1 str
<missing> 1 str
<missing> 1 str
<missing> 1 str
<missing> 1 str
<missing> 1 str
<missing> 1 str
<missing> 1 str
<missing> 1 str
<missing> 1 str
<missing> 1 str
<missing> 1 str
<missing> 1 str
<missing> 1 str
<missing> 1 str
<missing> 1 str
<missing> 1 str
<missing> 1 str
<missing> 1 str
<missing> 1 str
<missing> 1 str
<missing> 1 str
<missing> 1 str
<missing> 1 str
<missing> 1 str
<missing> 1 str
<missing> 1 str
<missing> 1 str
<missing> 1 str
<missing> 1 str
<missing> 1 str
<missing> 1 str
<missing> 1 str
<missing> 1 str
<missing> 1 str
<missing> 1 str
<missing> 1 str
<missing> 1 str
<missing> 1 str
<missing> 1 str
<missing> 1 str
<missing> 1 str
<missing> 1 str
<missing> 1 str
<missing> 1 str
<missing> 1 str
<missing> 1 str
<missing> 1 str
<missing> 1 str
<missing> 1 str
<missing> 1 str
<missing> 1 str
<missing> 1 str
<missing> 1 str
<missing> 1 str
<missing> 1 str
<missing> 1 str
<missing> 1 str
<missing> 1 str
<missing> 1 str
<missing> 1 str
<missing> 1 str
<missing> 1 str
<missing> 1 str
<missing> 1 str
<missing> 1 str
<missing> 1 str
<missing> 1 str
<missing> 1 str
<missing> 1 str
<missing> 1 str
<missing> 1 str
<missing> 1 str
<missing> 1 str
<missing> 1 str
<missing> 1 str
<missing> 1 str
<missing> 1 str
<missing> 1 str
<missing> 1 str
<missing> 1 str
<missing> 1 str
<missing> 1 str
<missing> 1 str
<missing> 1 str
<missing> 1 str
<missing> 1 str
<missing> 1 str
<missing> 1 str
<missing> 1 str
<missing> 1 str
<missing> 1 str
<missing> 1 str
<missing> 1 str
<missing> 1 str
<missing> 1 str
<missing> 1 str
<missing> 1 str
<missing> 1 str
<missing> 1 str
<missing> 1 str
<missing> 1 str
<missing> 1 str
<missing> 1 str
<missing> 1 str
<missing> 1 str
<missing> 1 str
<missing> 1 str
<missing> 1 str
<missing> 1 str
<missing> 1 str
<missing> 1 str
<missing> 1 str
<missing> 1 str
<missing> 1 str
<missing> 1 str
<missing> 1 str
<missing> 1 str
<missing> 1 str
<missing> 1 str
<missing> 1 str
<missing> 1 str
<missing> 1 str
<missing> 1 str
<missing> 1 str
<missing> 1 str
<missing> 1 str
<missing> 1 str
<missing> 1 str
<missing> 1 str
<missing> 1 str
<missing> 1 str
<missing> 1 str
<missing> 1 str
<missing> 1 str
<missing> 1 str
<missing> 1 str
<missing> 1 str
<missing> 1 str
<missing> 1 str
<missing> 1 str
<missing> 1 str
<missing> 1 str
<missing> 1 str
<missing> 1 str
<missing> 1 str
<missing> 1 str
<missing> 1 str
<missing> 1 str
<missing> 1 str
<missing> 1 str
<missing> 1 str
<missing> 1 str
<missing> 1 str
<missing> 1 str
<missing> 1 str
<missing> 1 str
<missing> 1 str
<missing> 1 str
<missing> 1 str
<missing> 1 str
<missing> 1 str
<missing> 1 str
<missing> 1 str
<missing> 1 str
<missing> 1 str
<missing> 1 str
<missing> 1 str
<missing> 1 str
<missing> 1 str
<missing> 1 str
<missing> 1 str
<missing> 1 str
<missing> 1 str
<missing> 1 str
<missing> 1 str
<missing> 1 str
<missing> 1 str
<missing> 1 str
<missing> 1 str
<missing> 1 str
<missing> 1 str
<missing> 1 str
<missing> 1 str
<missing> 1 str
<missing> 1 str
<missing> 1 str
<missing> 1 str
<missing> 1 str
<missing> 1 str
<missing> 1 str
<missing> 1 str
<missing> 1 str
<missing> 1 str
<missing> 1 str
<missing> 1 str
<missing> 1 str
<missing> 1 str
<missing> 1 str
<missing> 1 str
<missing> 1 str
<missing> 1 str
<missing> 1 str
<missing> 1 str
<missing> 1 str
<missing> 1 str
<missing> 1 str
<missing> 1 str
<missing> 1 str
<missing> 1 str
<missing> 1 str
<missing> 1 str
<missing> 1 str
<missing> 1 str
<missing> 1 str
<missing> 1 str
<missing> 1 str
<missing> 1 str
<missing> 1 str
<missing> 1 str
<missing> 1 str
<missing> 1 str
<missing> 1 str
<missing> 1 str
<missing> 1 str
<missing> 1 str
<missing> 1 str
<missing> 1 str
<missing> 1 str
<missing> 1 str
<missing> 1 str
<missing> 1 str
<missing> 1 str
<missing> 1 str
<missing> 1 str
<missing> 1 str
<missing> 1 str
<missing> 1 str
<missing> 1 str
<missing> 1 str
<missing> 1 str
<missing> 1 str
<missing> 1 str
<missing> 1 str
<missing> 1 str
<missing> 1 str
<missing> 1 str
<missing> 1 str
<missing> 1 str
<missing> 1 str
<missing> 1 str
<missing> 1 str
<missing> 1 str
<missing> 1 str
<missing> 1 str
<missing> 1 str
<missing> 1 str
<missing> 1 str
<missing> 1 str
<missing> 1 str
<missing> 1 str
<missing> 1 str
<missing> 1 str
<missing> 1 str
<missing> 1 str
<missing> 1 str
<missing> 1 str
<missing> 1 str
<missing> 1 str
<missing> 1 str
<missing> 1 str
<missing> 1 str
<missing> 1 str
<missing> 1 str
<missing> 1 str
<missing> 1 str
<missing> 1 str
<missing> 1 str
<missing> 1 str
<missing> 1 str
<missing> 1 str
<missing> 1 str
<missing> 1 str
<missing> 1 str
<missing> 1 str
<missing> 1 str
<missing> 1 str
<missing> 1 str
<missing> 1 str
<missing> 1 str
<missing> 1 str
<missing> 1 str
<missing> 1 str
<missing> 1 str
<missing> 1 str
<missing> 1 str
<missing> 1 str
<missing> 1 str
<missing> 1 str
<missing> 1 str
<missing> 1 str
<missing> 1 str
<missing> 1 str
<missing> 1 str
<missing> 1 str
<missing> 1 str
<missing> 1 str
<missing> 1 str
<missing> 1 str
<missing> 1 str
<missing> 1 str
<missing> 1 str
<missing> 1 str
<missing> 1 str
<missing> 1 str
<missing> 1 str
<missing> 1 str
<missing> 1 str
<missing> 1 str
<missing> 1 str
<missing> 1 str
<missing> 1 str
<missing> 1 str
<missing> 1 str
<missing> 1 str
<missing> 1 str
<missing> 1 str
<missing> 1 str
<missing> 1 str
<missing> 1 str
<missing> 1 str
<missing> 1 str
<missing> 1 str
<missing> 1 str
<missing> 1 str
<missing> 1 str
<missing> 1 str
<missing> 1 str
<missing> 1 str
<missing> 1 str
<missing> 1 str
<missing> 1 str
<missing> 1 str
<missing> 1 str
<missing> 1 str
<missing> 1 str
<missing> 1 str
<missing> 1 str
<missing> 1 str
<missing> 1 str
<missing> 1 str
<missing> 1 str
<missing> 1 str
<missing> 1 str
<missing> 1 str
<missing> 1 str
<missing> 1 str
<missing> 1 str
<missing> 1 str
<missing> 1 str
<missing> 1 str
<missing> 1 str
<missing> 1 str
<missing> 1 str
<missing> 1 str
<missing> 1 str
<missing> 1 str
<missing> 1 str
<missing> 1 str
<missing> 1 str
<missing> 1 str
<missing> 1 str
<missing> 1 str
<missing> 1 str
<missing> 1 str
<missing> 1 str
<missing> 1 str
<missing> 1 str
<missing> 1 str
<missing> 1 str
<missing> 1 str
<missing> 1 str
<missing> 1 str
<missing> 1 str
<missing> 1 str
<missing> 1 str
<missing> 1 str
<missing> 1 str
<missing> 1 str
<missing> 1 str
<missing> 1 str
<missing> 1 str
<missing> 1 str
<missing> 1 str
<missing> 1 str
<missing> 1 str
<missing> 1 str
<missing> 1 str
<missing> 1 str
<missing> 1 str
<missing> 1 str
<missing> 1 str
<missing> 1 str
<missing> 1 str
<missing> 1 str
<missing> 1 str
<missing> 1 str
<missing> 1 str
<missing> 1 str
<missing> 1 str
<missing> 1 str
<missing> 1 str
<missing> 1 str
<missing> 1 str
<missing> 1 str
<missing> 1 str
<missing> 1 str
<missing> 1 str
<missing> 1 str
<missing> 1 str
<missing> 1 str
<missing> 1 str
<missing> 1 str
<missing> 1 str
<missing> 1 str
<missing> 1 str
<missing> 1 str
<missing> 1 str
<missing> 1 str
<missing> 1 str
<missing> 1 str
<missing> 1 str
<missing> 1 str
<missing> 1 str
<missing> 1 str
<missing> 1 str
<missing> 1 str
<missing> 1 str
<missing> 1 str
<missing> 1 str
<missing> 1 str
<missing> 1 str
<missing> 1 str
<missing> 1 str
<missing> 1 str
<missing> 1 str
<missing> 1 str
<missing> 1 str
<missing> 1 str
<missing> 1 str
<missing> 1 str
<missing> 1 str
<missing> 1 str
<missing> 1 str
<missing> 1 str
<missing> 1 str
<missing> 1 str
<missing> 1 str
<missing> 1 str
<missing> 1 str
<missing> 1 str
<missing> 1 str
<missing> 1 str
<missing> 1 str
<missing> 1 str
<missing> 1 str
<missing> 1 str
<missing> 1 str
<missing> 1 str
<missing> 1 str
<missing> 1 str
<missing> 1 str
<missing> 1 str
<missing> 1 str
<missing> 1 str
<missing> 1 str
<missing> 1 str
<missing> 1 str
<missing> 1 str
<missing> 1 str
<missing> 1 str
<missing> 1 str
<missing> 1 str
<missing> 1 str
<missing> 1 str
<missing> 1 str
<missing> 1 str
<missing> 1 str
<missing> 1 str
<missing> 1 str
<missing> 1 str
<missing> 1 str
<missing> 1 str
<missing> 1 str
<missing> 1 str
<missing> 1 str
<missing> 1 str
<missing> 1 str
<missing> 1 str
<missing> 1 str
<missing> 1 str
<missing> 1 str
<missing> 1 str
<missing> 1 str
<missing> 1 str
<missing> 1 str
<missing> 1 str
<missing> 1 str
<missing> 1 str
<missing> 1 str
<missing> 1 str
<missing> 1 str
<missing> 1 str
<missing> 1 str
<missing> 1 str
<missing> 1 str
<missing> 1 str
<missing> 1 str
<missing> 1 str
<missing> 1 str
<missing> 1 str
<missing> 1 str
<missing> 1 str
<missing> 1 str
<missing> 1 str
<missing> 1 str
<missing> 1 str
<missing> 1 str
<missing> 1 str
<missing> 1 str
<missing> 1 str
<missing> 1 str
<missing> 1 str
<missing> 1 str
<missing> 1 str
<missing> 1 str
<missing> 1 str
<missing> 1 str
<missing> 1 str
<missing> 1 str
<missing> 1 str
<missing> 1 str
<missing> 1 str
<missing> 1 str
<missing> 1 str
<missing> 1 str
<missing> 1 str
<missing> 1 str
<missing> 1 str
<missing> 1 str
<missing> 1 str
<missing> 1 str
<missing> 1 str
<missing> 1 str
<missing> 1 str
<missing> 1 str
<missing> 1 str
<missing> 1 str
<missing> 1 str
<missing> 1 str
<missing> 1 str
<missing> 1 str
