0 <missing> str
0 <missing> str
0 <missing> str
0 <missing> str
0 <missing> str
0 <missing> str
0 <missing> str
0 <missing> str
0 <missing> str
0 <missing> str
0 <missing> str
0 <missing> str
0 <missing> str
0 <missing> str
0 <missing> str
0 <missing> str
0 <missing> str
0 <missing> str
0 <missing> str
0 <missing> str
0 <missing> str
0 <missing> str
0 <missing> str
0 <missing> str
0 <missing> str
0 <missing> str
0 <missing> str
0 <missing> str
0 <missing> str
0 <missing> str
0 <missing> str
0 <missing> str
0 <missing> str
0 <missing> str
0 <missing> str
0 <missing> str
0 <missing> str
0 <missing> str
0 <missing> str
0 <missing> str
0 <missing> str
0 <missing> str
0 <missing> str
0 <missing> str
0 <missing> str
0 <missing> str
0 <missing> str
0 <missing> str
0 <missing> str
0 <missing> str
0 <missing> str
0 <missing> str
0 <missing> str
0 <missing> str
0 <missing> str
0 <missing> str
0 <missing> str
0 <missing> str
0 <missing> str
0 <missing> str
0 <missing> str
0 <missing> str
0 <missing> str
0 <missing> str
0 <missing> str
0 <missing> str
0 <missing> str
0 <missing> str
0 <missing> str
0 <missing> str
0 <missing> str
0 <missing> str
0 <missing> str
0 <missing> str
0 <missing> str
0 <missing> str
0 <missing> str
0 <missing> str
0 <missing> str
0 <missing> str
0 <missing> str
0 <missing> str
0 <missing> str
0 <missing> str
0 <missing> str
0 <missing> str
0 <missing> str
0 <missing> str
0 <missing> str
0 <missing> str
0 <missing> str
0 <missing> str
0 <missing> str
0 <missing> str
0 <missing> str
0 <missing> str
0 <missing> str
0 <missing> str
0 <missing> str
0 <missing> str
0 <missing> str
0 <missing> str
0 <missing> str
0 <missing> str
0 <missing> str
0 <missing> str
0 <missing> str
0 <missing> str
0 <missing> str
0 <missing> str
0 <missing> str
0 <missing> str
0 <missing> str
0 <missing> str
0 <missing> str
0 <missing> str
0 <missing> str
0 <missing> str
0 <missing> str
0 <missing> str
0 <missing> str
0 <missing> str
0 <missing> str
0 <missing> str
0 <missing> str
0 <missing> str
0 <missing> str
0 <missing> str
0 <missing> str
0 <missing> str
0 <missing> str
0 <missing> str
0 <missing> str
0 <missing> str
0 <missing> str
0 <missing> str
0 <missing> str
0 <missing> str
0 <missing> str
0 <missing> str
0 <missing> str
0 <missing> str
0 <missing> str
0 <missing> str
0 <missing> str
0 <missing> str
0 <missing> str
0 <missing> str
0 <missing> str
0 <missing> str
0 <missing> str
0 <missing> str
0 <missing> str
0 <missing> str
0 <missing> str
0 <missing> str
0 <missing> str
0 <missing> str
0 <missing> str
0 <missing> str
0 <missing> str
0 <missing> str
0 <missing> str
0 <missing> str
0 <missing> str
0 <missing> str
0 <missing> str
0 <missing> str
0 <missing> str
0 <missing> str
0 <missing> str
0 <missing> str
0 <missing> str
0 <missing> str
0 <missing> str
0 <missing> str
0 <missing> str
0 <missing> str
0 <missing> str
0 <missing> str
0 <missing> str
0 <missing> str
0 <missing> str
0 <missing> str
0 <missing> str
0 <missing> str
0 <missing> str
0 <missing> str
0 <missing> str
0 <missing> str
0 <missing> str
0 <missing> str
0 <missing> str
0 <missing> str
0 <missing> str
0 <missing> str
0 <missing> str
0 <missing> str
0 <missing> str
0 <missing> str
0 <missing> str
0 <missing> str
0 <missing> str
0 <missing> str
0 <missing> str
0 <missing> str
0 <missing> str
0 <missing> str
0 <missing> str
0 <missing> str
0 <missing> str
0 <missing> str
0 <missing> str
0 <missing> str
0 <missing> str
0 <missing> str
0 <missing> str
0 <missing> str
0 <missing> str
0 <missing> str
0 <missing> str
0 <missing> str
0 <missing> str
0 <missing> str
0 <missing> str
0 <missing> str
0 <missing> str
0 <missing> str
0 <missing> str
0 <missing> str
0 <missing> str
0 <missing> str
0 <missing> str
0 <missing> str
0 <missing> str
0 <missing> str
0 <missing> str
0 <missing> str
0 <missing> str
0 <missing> str
0 <missing> str
0 <missing> str
0 <missing> str
0 <missing> str
0 <missing> str
0 <missing> str
0 <missing> str
0 <missing> str
0 <missing> str
0 <missing> str
0 <missing> str
0 <missing> str
0 <missing> str
0 <missing> str
0 <missing> str
0 <missing> str
0 <missing> str
0 <missing> str
0 <missing> str
0 <missing> str
0 <missing> str
0 <missing> str
0 <missing> str
0 <missing> str
0 <missing> str
0 <missing> str
0 <missing> str
0 <missing> str
0 <missing> str
0 <missing> str
0 <missing> str
0 <missing> str
0 <missing> str
0 <missing> str
0 <missing> str
0 <missing> str
0 <missing> str
0 <missing> str
0 <missing> str
0 <missing> str
0 <missing> str
0 <missing> str
0 <missing> str
0 <missing> str
0 <missing> str
0 <missing> str
0 <missing> str
0 <missing> str
0 <missing> str
0 <missing> str
0 <missing> str
0 <missing> str
0 <missing> str
0 <missing> str
0 <missing> str
0 <missing> str
0 <missing> str
0 <missing> str
0 <missing> str
0 <missing> str
0 <missing> str
0 <missing> str
0 <missing> str
0 <missing> str
0 <missing> str
0 <missing> str
0 <missing> str
0 <missing> str
0 <missing> str
0 <missing> str
0 <missing> str
0 <missing> str
0 <missing> str
0 <missing> str
0 <missing> str
0 <missing> str
0 <missing> str
0 <missing> str
0 <missing> str
0 <missing> str
0 <missing> str
0 <missing> str
0 <missing> str
0 <missing> str
0 <missing> str
0 <missing> str
0 <missing> str
0 <missing> str
0 <missing> str
0 <missing> str
0 <missing> str
0 <missing> str
0 <missing> str
0 <missing> str
0 <missing> str
0 <missing> str
0 <missing> str
0 <missing> str
0 <missing> str
0 <missing> str
0 <missing> str
0 <missing> str
0 <missing> str
0 <missing> str
0 <missing> str
0 <missing> str
0 <missing> str
0 <missing> str
0 <missing> str
0 <missing> str
0 <missing> str
0 <missing> str
0 <missing> str
0 <missing> str
0 <missing> str
0 <missing> str
0 <missing> str
0 <missing> str
0 <missing> str
0 <missing> str
0 <missing> str
0 <missing> str
0 <missing> str
0 <missing> str
0 <missing> str
0 <missing> str
0 <missing> str
0 <missing> str
0 <missing> str
0 <missing> str
0 <missing> str
0 <missing> str
0 <missing> str
0 <missing> str
0 <missing> str
0 <missing> str
0 <missing> str
0 <missing> str
0 <missing> str
0 <missing> str
0 <missing> str
0 <missing> str
0 <missing> str
0 <missing> str
0 <missing> str
0 <missing> str
0 <missing> str
0 <missing> str
0 <missing> str
0 <missing> str
0 <missing> str
0 <missing> str
0 <missing> str
0 <missing> str
0 <missing> str
0 <missing> str
0 <missing> str
0 <missing> str
0 <missing> str
0 <missing> str
0 <missing> str
0 <missing> str
0 <missing> str
0 <missing> str
0 <missing> str
0 <missing> str
0 <missing> str
0 <missing> str
0 <missing> str
0 <missing> str
0 <missing> str
0 <missing> str
0 <missing> str
0 <missing> str
0 <missing> str
0 <missing> str
0 <missing> str
0 <missing> str
0 <missing> str
0 <missing> str
0 <missing> str
0 <missing> str
0 <missing> str
0 <missing> str
0 <missing> str
0 <missing> str
0 <missing> str
0 <missing> str
0 <missing> str
0 <missing> str
0 <missing> str
0 <missing> str
0 <missing> str
0 <missing> str
0 <missing> str
0 <missing> str
0 <missing> str
0 <missing> str
0 <missing> str
0 <missing> str
0 <missing> str
0 <missing> str
0 <missing> str
0 <missing> str
0 <missing> str
0 <missing> str
0 <missing> str
0 <missing> str
0 <missing> str
0 <missing> str
0 <missing> str
0 <missing> str
0 <missing> str
0 <missing> str
0 <missing> str
0 <missing> str
0 <missing> str
0 <missing> str
0 <missing> str
0 <missing> str
0 <missing> str
0 <missing> str
0 <missing> str
0 <missing> str
0 <missing> str
0 <missing> str
0 <missing> str
0 <missing> str
0 <missing> str
0 <missing> str
0 <missing> str
0 <missing> str
0 <missing> str
0 <missing> str
0 <missing> str
0 <missing> str
0 <missing> str
0 <missing> str
0 <missing> str
0 <missing> str
0 <missing> str
0 <missing> str
0 <missing> str
0 <missing> str
0 <missing> str
0 <missing> str
0 <missing> str
0 <missing> str
0 <missing> str
0 <missing> str
0 <missing> str
0 <missing> str
0 <missing> str
0 <missing> str
0 <missing> str
0 <missing> str
0 <missing> str
0 <missing> str
0 <missing> str
0 <missing> str
0 <missing> str
0 <missing> str
0 <missing> str
0 <missing> str
0 <missing> str
0 <missing> str
0 <missing> str
0 <missing> str
0 <missing> str
0 <missing> str
0 <missing> str
0 <missing> str
0 <missing> str
0 <missing> str
0 <missing> str
0 <missing> str
0 <missing> str
0 <missing> str
0 <missing> str
0 <missing> str
0 <missing> str
0 <missing> str
0 <missing> str
0 <missing> str
0 <missing> str
0 <missing> str
0 <missing> str
0 <missing> str
0 <missing> str
0 <missing> str
0 <missing> str
0 <missing> str
0 <missing> str
0 <missing> str
0 <missing> str
0 <missing> str
0 <missing> str
0 <missing> str
0 <missing> str
0 <missing> str
0 <missing> str
0 <missing> str
0 <missing> str
0 <missing> str
0 <missing> str
0 <missing> str
0 <missing> str
0 <missing> str
0 <missing> str
0 <missing> str
0 <missing> str
0 <missing> str
0 <missing> str
0 <missing> str
0 <missing> str
0 <missing> str
0 <missing> str
0 <missing> str
0 <missing> str
0 <missing> str
0 <missing> str
0 <missing> str
0 <missing> str
0 <missing> str
0 <missing> str
0 <missing> str
0 <missing> str
0 <missing> str
0 <missing> str
0 <missing> str
0 <missing> str
0 <missing> str
0 <missing> str
0 <missing> str
0 <missing> str
0 <missing> str
0 <missing> str
0 <missing> str
0 <missing> str
0 <missing> str
0 <missing> str
0 <missing> str
0 <missing> str
0 <missing> str
0 <missing> str
0 <missing> str
0 <missing> str
0 <missing> str
0 <missing> str
0 <missing> str
0 <missing> str
0 <missing> str
0 <missing> str
0 <missing> str
0 <missing> str
0 <missing> str
0 <missing> str
0 <missing> str
0 <missing> str
0 <missing> str
0 <missing> str
0 <missing> str
0 <missing> str
0 <missing> str
0 <missing> str
0 <missing> str
0 <missing> str
0 <missing> str
0 <missing> str
0 <missing> str
0 <missing> str
0 <missing> str
0 <missing> str
0 <missing> str
0 <missing> str
0 <missing> str
0 <missing> str
0 <missing> str
0 <missing> str
0 <missing> str
0 <missing> str
0 <missing> str
0 <missing> str
0 <missing> str
0 <missing> str
0 <missing> str
0 <missing> str
0 <missing> str
0 <missing> str
0 <missing> str
0 <missing> str
0 <missing> str
0 <missing> str
0 <missing> str
0 <missing> str
0 <missing> str
0 <missing> str
0 <missing> str
0 <missing> str
0 <missing> str
0 <missing> str
0 <missing> str
0 <missing> str
0 <missing> str
0 <missing> str
0 <missing> str
0 <missing> str
0 <missing> str
0 <missing> str
0 <missing> str
0 <missing> str
0 <missing> str
0 <missing> str
0 <missing> str
0 <missing> str
0 <missing> str
0 <missing> str
0 <missing> str
0 <missing> str
0 <missing> str
0 <missing> str
0 <missing> str
0 <missing> str
0 <missing> str
0 <missing> str
0 <missing> str
0 <missing> str
0 <missing> str
0 <missing> str
0 <missing> str
0 <missing> str
0 <missing> str
0 <missing> str
0 <missing> str
0 <missing> str
0 <missing> str
0 <missing> str
0 <missing> str
0 <missing> str
0 <missing> str
0 <missing> str
0 <missing> str
0 <missing> str
0 <missing> str
0 <missing> str
0 <missing> str
0 <missing> str
0 <missing> str
0 <missing> str
0 <missing> str
0 <missing> str
0 <missing> str
0 <missing> str
0 <missing> str
0 <missing> str
0 <missing> str
0 <missing> str
0 <missing> str
0 <missing> str
0 <missing> str
0 <missing> str
0 <missing> str
0 <missing> str
0 <missing> str
0 <missing> str
0 <missing> str
0 <missing> str
0 <missing> str
0 <missing> str
0 <missing> str
0 <missing> str
0 <missing> str
0 <missing> str
0 <missing> str
0 <missing> str
0 <missing> str
0 <missing> str
0 <missing> str
0 <missing> str
0 <missing> str
0 <missing> str
0 <missing> str
0 <missing> str
0 <missing> str
0 <missing> str
0 <missing> str
0 <missing> str
0 <missing> str
0 <missing> str
0 <missing> str
0 <missing> str
0 <missing> str
0 <missing> str
0 <missing> str
0 <missing> str
0 <missing> str
0 <missing> str
0 <missing> str
0 <missing> str
0 <missing> str
0 <missing> str
0 <missing> str
0 <missing> str
0 <missing> str
0 <missing> str
0 <missing> str
0 <missing> str
0 <missing> str
0 <missing> str
0 <missing> str
0 <missing> str
0 <missing> str
0 <missing> str
0 <missing> str
0 <missing> str
0 <missing> str
0 <missing> str
0 <missing> str
0 <missing> str
0 <missing> str
0 <missing> str
0 <missing> str
0 <missing> str
0 <missing> str
0 <missing> str
0 <missing> str
0 <missing> str
0 <missing> str
0 <missing> str
0 <missing> str
0 <missing> str
0 <missing> str
0 <missing> str
0 <missing> str
0 <missing> str
0 <missing> str
0 <missing> str
0 <missing> str
0 <missing> str
0 <missing> str
0 <missing> str
0 <missing> str
0 <missing> str
0 <missing> str
0 <missing> str
0 <missing> str
0 <missing> str
0 <missing> str
0 <missing> str
0 <missing> str
0 <missing> str
0 <missing> str
0 <missing> str
0 <missing> str
0 <missing> str
0 <missing> str
0 <missing> str
0 <missing> str
0 <missing> str
0 <missing> str
0 <missing> str
0 <missing> str
0 <missing> str
0 <missing> str
0 <missing> str
0 <missing> str
0 <missing> str
0 <missing> str
0 <missing> str
0 <missing> str
0 <missing> str
0 <missing> str
0 <missing> str
0 <missing> str
0 <missing> str
0 <missing> str
0 <missing> str
0 <missing> str
0 <missing> str
0 <missing> str
0 <missing> str
0 <missing> str
0 <missing> str
0 <missing> str
0 <missing> str
0 <missing> str
0 <missing> str
0 <missing> str
0 <missing> str
0 <missing> str
0 <missing> str
0 <missing> str
0 <missing> str
0 <missing> str
0 <missing> str
0 <missing> str
0 <missing> str
0 <missing> str
0 <missing> str
0 <missing> str
0 <missing> str
0 <missing> str
0 <missing> str
0 <missing> str
0 <missing> str
0 <missing> str
0 <missing> str
0 <missing> str
0 <missing> str
0 <missing> str
0 <missing> str
0 <missing> str
0 <missing> str
0 <missing> str
0 <missing> str
0 <missing> str
0 <missing> str
0 <missing> str
0 <missing> str
0 <missing> str
0 <missing> str
0 <missing> str
0 <missing> str
0 <missing> str
0 <missing> str
0 <missing> str
0 <missing> str
0 <missing> str
0 <missing> str
0 <missing> str
0 <missing> str
0 <missing> str
0 <missing> str
0 <missing> str
0 <missing> str
0 <missing> str
0 <missing> str
0 <missing> str
0 <missing> str
0 <missing> str
0 <missing> str
0 <missing> str
0 <missing> str
0 <missing> str
0 <missing> str
0 <missing> str
0 <missing> str
0 <missing> str
0 <missing> str
0 <missing> str
0 <missing> str
0 <missing> str
0 <missing> str
0 <missing> str
0 <missing> str
0 <missing> str
0 <missing> str
0 <missing> str
0 <missing> str
0 <missing> str
0 <missing> str
0 <missing> str
0 <missing> str
0 <missing> str
0 <missing> str
0 <missing> str
0 <missing> str
0 <missing> str
0 <missing> str
0 <missing> str
0 <missing> str
0 <missing> str
0 <missing> str
0 <missing> str
0 <missing> str
0 <missing> str
0 <missing> str
0 <missing> str
0 <missing> str
0 <missing> str
0 <missing> str
0 <missing> str
0 <missing> str
0 <missing> str
0 <missing> str
0 <missing> str
0 <missing> str
0 <missing> str
0 <missing> str
0 <missing> str
0 <missing> str
0 <missing> str
0 <missing> str
0 <missing> str
0 <missing> str
0 <missing> str
0 <missing> str
0 <missing> str
0 <missing> str
0 <missing> str
0 <missing> str
0 <missing> str
0 <missing> str
0 <missing> str
0 <missing> str
0 <missing> str
0 <missing> str
0 <missing> str
0 <missing> str
0 <missing> str
0 <missing> str
0 <missing> str
0 <missing> str
0 <missing> str
0 <missing> str
0 <missing> str
0 <missing> str
0 <missing> str
0 <missing> str
0 <missing> str
0 <missing> str
0 <missing> str
0 <missing> str
0 <missing> str
0 <missing> str
0 <missing> str
0 <missing> str
0 <missing> str
0 <missing> str
0 <missing> str
0 <missing> str
0 <missing> str
0 <missing> str
0 <missing> str
0 <missing> str
0 <missing> str
0 <missing> str
0 <missing> str
0 <missing> str
0 <missing> str
0 <missing> str
0 <missing> str
0 <missing> str
0 <missing> str
0 <missing> str
0 <missing> str
0 <missing> str
0 <missing> str
0 <missing> str
0 <missing> str
0 <missing> str
0 <missing> str
0 <missing> str
0 <missing> str
0 <missing> str
0 <missing> str
0 <missing> str
0 <missing> str
0 <missing> str
0 <missing> str
