<missing> 0 str
<missing> 0 str
<missing> 0 str
<missing> 0 str
<missing> 0 str
<missing> 0 str
<missing> 0 str
<missing> 0 str
<missing> 0 str
<missing> 0 str
<missing> 0 str
<missing> 0 str
<missing> 0 str
<missing> 0 str
<missing> 0 str
<missing> 0 str
<missing> 0 str
<missing> 0 str
<missing> 0 str
<missing> 0 str
<missing> 0 str
<missing> 0 str
<missing> 0 str
<missing> 0 str
<missing> 0 str
<missing> 0 str
<missing> 0 str
<missing> 0 str
<missing> 0 str
<missing> 0 str
<missing> 0 str
<missing> 0 str
<missing> 0 str
<missing> 0 str
<missing> 0 str
<missing> 0 str
<missing> 0 str
<missing> 0 str
<missing> 0 str
<missing> 0 str
<missing> 0 str
<missing> 0 str
<missing> 0 str
<missing> 0 str
<missing> 0 str
<missing> 0 str
<missing> 0 str
<missing> 0 str
<missing> 0 str
<missing> 0 str
<missing> 0 str
<missing> 0 str
<missing> 0 str
<missing> 0 str
<missing> 0 str
<missing> 0 str
<missing> 0 str
<missing> 0 str
<missing> 0 str
<missing> 0 str
<missing> 0 str
<missing> 0 str
<missing> 0 str
<missing> 0 str
<missing> 0 str
<missing> 0 str
<missing> 0 str
<missing> 0 str
<missing> 0 str
<missing> 0 str
<missing> 0 str
<missing> 0 str
<missing> 0 str
<missing> 0 str
<missing> 0 str
<missing> 0 str
<missing> 0 str
<missing> 0 str
<missing> 0 str
<missing> 0 str
<missing> 0 str
<missing> 0 str
<missing> 0 str
<missing> 0 str
<missing> 0 str
<missing> 0 str
<missing> 0 str
<missing> 0 str
<missing> 0 str
<missing> 0 str
<missing> 0 str
<missing> 0 str
<missing> 0 str
<missing> 0 str
<missing> 0 str
<missing> 0 str
<missing> 0 str
<missing> 0 str
<missing> 0 str
<missing> 0 str
<missing> 0 str
<missing> 0 str
<missing> 0 str
<missing> 0 str
<missing> 0 str
<missing> 0 str
<missing> 0 str
<missing> 0 str
<missing> 0 str
<missing> 0 str
<missing> 0 str
<missing> 0 str
<missing> 0 str
<missing> 0 str
<missing> 0 str
<missing> 0 str
<missing> 0 str
<missing> 0 str
<missing> 0 str
<missing> 0 str
<missing> 0 str
<missing> 0 str
<missing> 0 str
<missing> 0 str
<missing> 0 str
<missing> 0 str
<missing> 0 str
<missing> 0 str
<missing> 0 str
<missing> 0 str
<missing> 0 str
<missing> 0 str
<missing> 0 str
<missing> 0 str
<missing> 0 str
<missing> 0 str
<missing> 0 str
<missing> 0 str
<missing> 0 str
<missing> 0 str
<missing> 0 str
<missing> 0 str
<missing> 0 str
<missing> 0 str
<missing> 0 str
<missing> 0 str
<missing> 0 str
<missing> 0 str
<missing> 0 str
<missing> 0 str
<missing> 0 str
<missing> 0 str
<missing> 0 str
<missing> 0 str
<missing> 0 str
<missing> 0 str
<missing> 0 str
<missing> 0 str
<missing> 0 str
<missing> 0 str
<missing> 0 str
<missing> 0 str
<missing> 0 str
<missing> 0 str
<missing> 0 str
<missing> 0 str
<missing> 0 str
<missing> 0 str
<missing> 0 str
<missing> 0 str
<missing> 0 str
<missing> 0 str
<missing> 0 str
<missing> 0 str
<missing> 0 str
<missing> 0 str
<missing> 0 str
<missing> 0 str
<missing> 0 str
<missing> 0 str
<missing> 0 str
<missing> 0 str
<missing> 0 str
<missing> 0 str
<missing> 0 str
<missing> 0 str
<missing> 0 str
<missing> 0 str
<missing> 0 str
<missing> 0 str
<missing> 0 str
<missing> 0 str
<missing> 0 str
<missing> 0 str
<missing> 0 str
<missing> 0 str
<missing> 0 str
<missing> 0 str
<missing> 0 str
<missing> 0 str
<missing> 0 str
<missing> 0 str
<missing> 0 str
<missing> 0 str
<missing> 0 str
<missing> 0 str
<missing> 0 str
<missing> 0 str
<missing> 0 str
<missing> 0 str
<missing> 0 str
<missing> 0 str
<missing> 0 str
<missing> 0 str
<missing> 0 str
<missing> 0 str
<missing> 0 str
<missing> 0 str
<missing> 0 str
<missing> 0 str
<missing> 0 str
<missing> 0 str
<missing> 0 str
<missing> 0 str
<missing> 0 str
<missing> 0 str
<missing> 0 str
<missing> 0 str
<missing> 0 str
<missing> 0 str
<missing> 0 str
<missing> 0 str
<missing> 0 str
<missing> 0 str
<missing> 0 str
<missing> 0 str
<missing> 0 str
<missing> 0 str
<missing> 0 str
<missing> 0 str
<missing> 0 str
<missing> 0 str
<missing> 0 str
<missing> 0 str
<missing> 0 str
<missing> 0 str
<missing> 0 str
<missing> 0 str
<missing> 0 str
<missing> 0 str
<missing> 0 str
<missing> 0 str
<missing> 0 str
<missing> 0 str
<missing> 0 str
<missing> 0 str
<missing> 0 str
<missing> 0 str
<missing> 0 str
<missing> 0 str
<missing> 0 str
<missing> 0 str
<missing> 0 str
<missing> 0 str
<missing> 0 str
<missing> 0 str
<missing> 0 str
<missing> 0 str
<missing> 0 str
<missing> 0 str
<missing> 0 str
<missing> 0 str
<missing> 0 str
<missing> 0 str
<missing> 0 str
<missing> 0 str
<missing> 0 str
<missing> 0 str
<missing> 0 str
<missing> 0 str
<missing> 0 str
<missing> 0 str
<missing> 0 str
<missing> 0 str
<missing> 0 str
<missing> 0 str
<missing> 0 str
<missing> 0 str
<missing> 0 str
<missing> 0 str
<missing> 0 str
<missing> 0 str
<missing> 0 str
<missing> 0 str
<missing> 0 str
<missing> 0 str
<missing> 0 str
<missing> 0 str
<missing> 0 str
<missing> 0 str
<missing> 0 str
<missing> 0 str
<missing> 0 str
<missing> 0 str
<missing> 0 str
<missing> 0 str
<missing> 0 str
<missing> 0 str
<missing> 0 str
<missing> 0 str
<missing> 0 str
<missing> 0 str
<missing> 0 str
<missing> 0 str
<missing> 0 str
<missing> 0 str
<missing> 0 str
<missing> 0 str
<missing> 0 str
<missing> 0 str
<missing> 0 str
<missing> 0 str
<missing> 0 str
<missing> 0 str
<missing> 0 str
<missing> 0 str
<missing> 0 str
<missing> 0 str
<missing> 0 str
<missing> 0 str
<missing> 0 str
<missing> 0 str
<missing> 0 str
<missing> 0 str
<missing> 0 str
<missing> 0 str
<missing> 0 str
<missing> 0 str
<missing> 0 str
<missing> 0 str
<missing> 0 str
<missing> 0 str
<missing> 0 str
<missing> 0 str
<missing> 0 str
<missing> 0 str
<missing> 0 str
<missing> 0 str
<missing> 0 str
<missing> 0 str
<missing> 0 str
<missing> 0 str
<missing> 0 str
<missing> 0 str
<missing> 0 str
<missing> 0 str
<missing> 0 str
<missing> 0 str
<missing> 0 str
<missing> 0 str
<missing> 0 str
<missing> 0 str
<missing> 0 str
<missing> 0 str
<missing> 0 str
<missing> 0 str
<missing> 0 str
<missing> 0 str
<missing> 0 str
<missing> 0 str
<missing> 0 str
<missing> 0 str
<missing> 0 str
<missing> 0 str
<missing> 0 str
<missing> 0 str
<missing> 0 str
<missing> 0 str
<missing> 0 str
<missing> 0 str
<missing> 0 str
<missing> 0 str
<missing> 0 str
<missing> 0 str
<missing> 0 str
<missing> 0 str
<missing> 0 str
<missing> 0 str
<missing> 0 str
<missing> 0 str
<missing> 0 str
<missing> 0 str
<missing> 0 str
<missing> 0 str
<missing> 0 str
<missing> 0 str
<missing> 0 str
<missing> 0 str
<missing> 0 str
<missing> 0 str
<missing> 0 str
<missing> 0 str
<missing> 0 str
<missing> 0 str
<missing> 0 str
<missing> 0 str
<missing> 0 str
<missing> 0 str
<missing> 0 str
<missing> 0 str
<missing> 0 str
<missing> 0 str
<missing> 0 str
<missing> 0 str
<missing> 0 str
<missing> 0 str
<missing> 0 str
<missing> 0 str
<missing> 0 str
<missing> 0 str
<missing> 0 str
<missing> 0 str
<missing> 0 str
<missing> 0 str
<missing> 0 str
<missing> 0 str
<missing> 0 str
<missing> 0 str
<missing> 0 str
<missing> 0 str
<missing> 0 str
<missing> 0 str
<missing> 0 str
<missing> 0 str
<missing> 0 str
<missing> 0 str
<missing> 0 str
<missing> 0 str
<missing> 0 str
<missing> 0 str
<missing> 0 str
<missing> 0 str
<missing> 0 str
<missing> 0 str
<missing> 0 str
<missing> 0 str
<missing> 0 str
<missing> 0 str
<missing> 0 str
<missing> 0 str
<missing> 0 str
<missing> 0 str
<missing> 0 str
<missing> 0 str
<missing> 0 str
<missing> 0 str
<missing> 0 str
<missing> 0 str
<missing> 0 str
<missing> 0 str
<missing> 0 str
<missing> 0 str
<missing> 0 str
<missing> 0 str
<missing> 0 str
<missing> 0 str
<missing> 0 str
<missing> 0 str
<missing> 0 str
<missing> 0 str
<missing> 0 str
<missing> 0 str
<missing> 0 str
<missing> 0 str
<missing> 0 str
<missing> 0 str
<missing> 0 str
<missing> 0 str
<missing> 0 str
<missing> 0 str
<missing> 0 str
<missing> 0 str
<missing> 0 str
<missing> 0 str
<missing> 0 str
<missing> 0 str
<missing> 0 str
<missing> 0 str
<missing> 0 str
<missing> 0 str
<missing> 0 str
<missing> 0 str
<missing> 0 str
<missing> 0 str
<missing> 0 str
<missing> 0 str
<missing> 0 str
<missing> 0 str
<missing> 0 str
<missing> 0 str
<missing> 0 str
<missing> 0 str
<missing> 0 str
<missing> 0 str
<missing> 0 str
<missing> 0 str
<missing> 0 str
<missing> 0 str
<missing> 0 str
<missing> 0 str
<missing> 0 str
<missing> 0 str
<missing> 0 str
<missing> 0 str
<missing> 0 str
<missing> 0 str
<missing> 0 str
<missing> 0 str
<missing> 0 str
<missing> 0 str
<missing> 0 str
<missing> 0 str
<missing> 0 str
<missing> 0 str
<missing> 0 str
<missing> 0 str
<missing> 0 str
<missing> 0 str
<missing> 0 str
<missing> 0 str
<missing> 0 str
<missing> 0 str
<missing> 0 str
<missing> 0 str
<missing> 0 str
<missing> 0 str
<missing> 0 str
<missing> 0 str
<missing> 0 str
<missing> 0 str
<missing> 0 str
<missing> 0 str
<missing> 0 str
<missing> 0 str
<missing> 0 str
<missing> 0 str
<missing> 0 str
<missing> 0 str
<missing> 0 str
<missing> 0 str
<missing> 0 str
<missing> 0 str
<missing> 0 str
<missing> 0 str
<missing> 0 str
<missing> 0 str
<missing> 0 str
<missing> 0 str
<missing> 0 str
<missing> 0 str
<missing> 0 str
<missing> 0 str
<missing> 0 str
<missing> 0 str
<missing> 0 str
<missing> 0 str
<missing> 0 str
<missing> 0 str
<missing> 0 str
<missing> 0 str
<missing> 0 str
<missing> 0 str
<missing> 0 str
<missing> 0 str
<missing> 0 str
<missing> 0 str
<missing> 0 str
<missing> 0 str
<missing> 0 str
<missing> 0 str
<missing> 0 str
<missing> 0 str
<missing> 0 str
<missing> 0 str
<missing> 0 str
<missing> 0 str
<missing> 0 str
<missing> 0 str
<missing> 0 str
<missing> 0 str
<missing> 0 str
<missing> 0 str
<missing> 0 str
<missing> 0 str
<missing> 0 str
<missing> 0 str
<missing> 0 str
<missing> 0 str
<missing> 0 str
<missing> 0 str
<missing> 0 str
<missing> 0 str
<missing> 0 str
<missing> 0 str
<missing> 0 str
<missing> 0 str
<missing> 0 str
<missing> 0 str
<missing> 0 str
<missing> 0 str
<missing> 0 str
<missing> 0 str
<missing> 0 str
<missing> 0 str
<missing> 0 str
<missing> 0 str
<missing> 0 str
<missing> 0 str
<missing> 0 str
<missing> 0 str
<missing> 0 str
<missing> 0 str
<missing> 0 str
<missing> 0 str
<missing> 0 str
<missing> 0 str
<missing> 0 str
<missing> 0 str
<missing> 0 str
<missing> 0 str
<missing> 0 str
<missing> 0 str
<missing> 0 str
<missing> 0 str
<missing> 0 str
<missing> 0 str
<missing> 0 str
<missing> 0 str
<missing> 0 str
<missing> 0 str
<missing> 0 str
<missing> 0 str
<missing> 0 str
<missing> 0 str
<missing> 0 str
<missing> 0 str
<missing> 0 str
<missing> 0 str
<missing> 0 str
<missing> 0 str
<missing> 0 str
<missing> 0 str
<missing> 0 str
<missing> 0 str
<missing> 0 str
<missing> 0 str
<missing> 0 str
<missing> 0 str
<missing> 0 str
<missing> 0 str
<missing> 0 str
<missing> 0 str
<missing> 0 str
<missing> 0 str
<missing> 0 str
<missing> 0 str
<missing> 0 str
<missing> 0 str
<missing> 0 str
<missing> 0 str
<missing> 0 str
<missing> 0 str
<missing> 0 str
<missing> 0 str
<missing> 0 str
<missing> 0 str
<missing> 0 str
<missing> 0 str
<missing> 0 str
<missing> 0 str
<missing> 0 str
<missing> 0 str
<missing> 0 str
<missing> 0 str
<missing> 0 str
<missing> 0 str
<missing> 0 str
<missing> 0 str
<missing> 0 str
<missing> 0 str
<missing> 0 str
<missing> 0 str
<missing> 0 str
<missing> 0 str
<missing> 0 str
<missing> 0 str
<missing> 0 str
<missing> 0 str
<missing> 0 str
<missing> 0 str
<missing> 0 str
<missing> 0 str
<missing> 0 str
<missing> 0 str
<missing> 0 str
<missing> 0 str
<missing> 0 str
<missing> 0 str
<missing> 0 str
<missing> 0 str
<missing> 0 str
<missing> 0 str
<missing> 0 str
<missing> 0 str
<missing> 0 str
<missing> 0 str
<missing> 0 str
<missing> 0 str
<missing> 0 str
<missing> 0 str
<missing> 0 str
<missing> 0 str
<missing> 0 str
<missing> 0 str
<missing> 0 str
<missing> 0 str
<missing> 0 str
<missing> 0 str
<missing> 0 str
<missing> 0 str
<missing> 0 str
<missing> 0 str
<missing> 0 str
<missing> 0 str
<missing> 0 str
<missing> 0 str
<missing> 0 str
<missing> 0 str
<missing> 0 str
<missing> 0 str
<missing> 0 str
<missing> 0 str
<missing> 0 str
<missing> 0 str
<missing> 0 str
<missing> 0 str
<missing> 0 str
<missing> 0 str
<missing> 0 str
<missing> 0 str
<missing> 0 str
<missing> 0 str
<missing> 0 str
<missing> 0 str
<missing> 0 str
<missing> 0 str
<missing> 0 str
<missing> 0 str
<missing> 0 str
<missing> 0 str
<missing> 0 str
<missing> 0 str
<missing> 0 str
<missing> 0 str
<missing> 0 str
<missing> 0 str
<missing> 0 str
<missing> 0 str
<missing> 0 str
<missing> 0 str
<missing> 0 str
<missing> 0 str
<missing> 0 str
<missing> 0 str
<missing> 0 str
<missing> 0 str
<missing> 0 str
<missing> 0 str
<missing> 0 str
<missing> 0 str
<missing> 0 str
<missing> 0 str
<missing> 0 str
<missing> 0 str
<missing> 0 str
<missing> 0 str
<missing> 0 str
<missing> 0 str
<missing> 0 str
<missing> 0 str
<missing> 0 str
<missing> 0 str
<missing> 0 str
<missing> 0 str
<missing> 0 str
<missing> 0 str
<missing> 0 str
<missing> 0 str
<missing> 0 str
<missing> 0 str
<missing> 0 str
<missing> 0 str
<missing> 0 str
<missing> 0 str
<missing> 0 str
<missing> 0 str
<missing> 0 str
<missing> 0 str
<missing> 0 str
<missing> 0 str
<missing> 0 str
<missing> 0 str
<missing> 0 str
<missing> 0 str
<missing> 0 str
<missing> 0 str
<missing> 0 str
<missing> 0 str
<missing> 0 str
<missing> 0 str
<missing> 0 str
<missing> 0 str
<missing> 0 str
<missing> 0 str
<missing> 0 str
<missing> 0 str
<missing> 0 str
<missing> 0 str
<missing> 0 str
<missing> 0 str
<missing> 0 str
<missing> 0 str
<missing> 0 str
<missing> 0 str
<missing> 0 str
<missing> 0 str
<missing> 0 str
<missing> 0 str
<missing> 0 str
<missing> 0 str
<missing> 0 str
<missing> 0 str
<missing> 0 str
<missing> 0 str
<missing> 0 str
<missing> 0 str
<missing> 0 str
<missing> 0 str
<missing> 0 str
<missing> 0 str
<missing> 0 str
<missing> 0 str
<missing> 0 str
<missing> 0 str
<missing> 0 str
<missing> 0 str
<missing> 0 str
<missing> 0 str
<missing> 0 str
<missing> 0 str
<missing> 0 str
<missing> 0 str
<missing> 0 str
<missing> 0 str
<missing> 0 str
<missing> 0 str
<missing> 0 str
<missing> 0 str
<missing> 0 str
<missing> 0 str
<missing> 0 str
<missing> 0 str
<missing> 0 str
<missing> 0 str
<missing> 0 str
<missing> 0 str
<missing> 0 str
<missing> 0 str
<missing> 0 str
<missing> 0 str
<missing> 0 str
<missing> 0 str
<missing> 0 str
<missing> 0 str
<missing> 0 str
<missing> 0 str
<missing> 0 str
<missing> 0 str
<missing> 0 str
<missing> 0 str
<missing> 0 str
<missing> 0 str
<missing> 0 str
<missing> 0 str
<missing> 0 str
<missing> 0 str
<missing> 0 str
<missing> 0 str
<missing> 0 str
<missing> 0 str
<missing> 0 str
<missing> 0 str
<missing> 0 str
<missing> 0 str
<missing> 0 str
<missing> 0 str
<missing> 0 str
<missing> 0 str
<missing> 0 str
<missing> 0 str
<missing> 0 str
<missing> 0 str
<missing> 0 str
<missing> 0 str
<missing> 0 str
<missing> 0 str
<missing> 0 str
<missing> 0 str
<missing> 0 str
<missing> 0 str
<missing> 0 str
<missing> 0 str
<missing> 0 str
<missing> 0 str
<missing> 0 str
<missing> 0 str
<missing> 0 str
<missing> 0 str
<missing> 0 str
<missing> 0 str
<missing> 0 str
<missing> 0 str
<missing> 0 str
<missing> 0 str
<missing> 0 str
<missing> 0 str
<missing> 0 str
<missing> 0 str
<missing> 0 str
<missing> 0 str
<missing> 0 str
<missing> 0 str
<missing> 0 str
<missing> 0 str
<missing> 0 str
<missing> 0 str
<missing> 0 str
<missing> 0 str
<missing> 0 str
<missing> 0 str
<missing> 0 str
<missing> 0 str
<missing> 0 str
<missing> 0 str
<missing> 0 str
<missing> 0 str
<missing> 0 str
<missing> 0 str
<missing> 0 str
<missing> 0 str
<missing> 0 str
<missing> 0 str
<missing> 0 str
<missing> 0 str
<missing> 0 str
<missing> 0 str
<missing> 0 str
<missing> 0 str
<missing> 0 str
<missing> 0 str
<missing> 0 str
<missing> 0 str
<missing> 0 str
<missing> 0 str
<missing> 0 str
<missing> 0 str
<missing> 0 str
<missing> 0 str
<missing> 0 str
<missing> 0 str
<missing> 0 str
<missing> 0 str
<missing> 0 str
<missing> 0 str
<missing> 0 str
<missing> 0 str
<missing> 0 str
<missing> 0 str
<missing> 0 str
<missing> 0 str
<missing> 0 str
<missing> 0 str
<missing> 0 str
<missing> 0 str
<missing> 0 str
<missing> 0 str
<missing> 0 str
<missing> 0 str
<missing> 0 str
<missing> 0 str
