0 E str
0 E str
0 E str
0 E str
0 E str
0 E str
0 E str
0 E str
0 E str
0 E str
0 E str
0 E str
0 E str
0 E str
0 E str
0 E str
0 E str
0 E str
0 E str
0 E str
0 E str
0 E str
0 E str
0 E str
0 E str
0 E str
0 E str
0 E str
0 E str
0 E str
0 E str
0 E str
0 E str
0 E str
0 E str
0 E str
0 E str
0 E str
0 E str
0 E str
0 E str
0 E str
0 E str
0 E str
0 E str
0 E str
0 E str
0 E str
0 E str
0 E str
0 E str
0 E str
0 E str
0 E str
0 E str
0 E str
0 E str
0 E str
0 E str
0 E str
0 E str
0 E str
0 E str
0 E str
0 E str
0 E str
0 E str
0 E str
0 E str
0 E str
0 E str
0 E str
0 E str
0 E str
0 E str
0 E str
0 E str
0 E str
0 E str
0 E str
0 E str
0 E str
0 E str
0 E str
0 E str
0 E str
0 E str
0 E str
0 E str
0 E str
0 E str
0 E str
0 E str
0 E str
0 E str
0 E str
0 E str
0 E str
0 E str
0 E str
0 E str
0 E str
0 E str
0 E str
0 E str
0 E str
0 E str
0 E str
0 E str
0 E str
0 E str
0 E str
0 E str
0 E str
0 E str
0 E str
0 E str
0 E str
0 E str
0 E str
0 E str
0 E str
0 E str
0 E str
0 E str
0 E str
0 E str
0 E str
0 E str
0 E str
0 E str
0 E str
0 E str
0 E str
0 E str
0 E str
0 E str
0 E str
0 E str
0 E str
0 E str
0 E str
0 E str
0 E str
0 E str
0 E str
0 E str
0 E str
0 E str
0 E str
0 E str
0 E str
0 E str
0 E str
0 E str
0 E str
0 E str
0 E str
0 E str
0 E str
0 E str
0 E str
0 E str
0 E str
0 E str
0 E str
0 E str
0 E str
0 E str
0 E str
0 E str
0 E str
0 E str
0 E str
0 E str
0 E str
0 E str
0 E str
0 E str
0 E str
0 E str
0 E str
0 E str
0 E str
0 E str
0 E str
0 E str
0 E str
0 E str
0 E str
0 E str
0 E str
0 E str
0 E str
0 E str
0 E str
0 E str
0 E str
0 E str
0 E str
0 E str
0 E str
0 E str
0 E str
0 E str
0 E str
0 E str
0 E str
0 E str
0 E str
0 E str
0 E str
0 E str
0 E str
0 E str
0 E str
0 E str
0 E str
0 E str
0 E str
0 E str
0 E str
0 E str
0 E str
0 E str
0 E str
0 E str
0 E str
0 E str
0 E str
0 E str
0 E str
0 E str
0 E str
0 E str
0 E str
0 E str
0 E str
0 E str
0 E str
0 E str
0 E str
0 E str
0 E str
0 E str
0 E str
0 E str
0 E str
0 E str
0 E str
0 E str
0 E str
0 E str
0 E str
0 E str
0 E str
0 E str
0 E str
0 E str
0 E str
0 E str
0 E str
0 E str
0 E str
0 E str
0 E str
0 E str
0 E str
0 E str
0 E str
0 E str
0 E str
0 E str
0 E str
0 E str
0 E str
0 E str
0 E str
0 E str
0 E str
0 E str
0 E str
0 E str
0 E str
0 E str
0 E str
0 E str
0 E str
0 E str
0 E str
0 E str
0 E str
0 E str
0 E str
0 E str
0 E str
0 E str
0 E str
0 E str
0 E str
0 E str
0 E str
0 E str
0 E str
0 E str
0 E str
0 E str
0 E str
0 E str
0 E str
0 E str
0 E str
0 E str
0 E str
0 E str
0 E str
0 E str
0 E str
0 E str
0 E str
0 E str
0 E str
0 E str
0 E str
0 E str
0 E str
0 E str
0 E str
0 E str
0 E str
0 E str
0 E str
0 E str
0 E str
0 E str
0 E str
0 E str
0 E str
0 E str
0 E str
0 E str
0 E str
0 E str
0 E str
0 E str
0 E str
0 E str
0 E str
0 E str
0 E str
0 E str
0 E str
0 E str
0 E str
0 E str
0 E str
0 E str
0 E str
0 E str
0 E str
0 E str
0 E str
0 E str
0 E str
0 E str
0 E str
0 E str
0 E str
0 E str
0 E str
0 E str
0 E str
0 E str
0 E str
0 E str
0 E str
0 E str
0 E str
0 E str
0 E str
0 E str
0 E str
0 E str
0 E str
0 E str
0 E str
0 E str
0 E str
0 E str
0 E str
0 E str
0 E str
0 E str
0 E str
0 E str
0 E str
0 E str
0 E str
0 E str
0 E str
0 E str
0 E str
0 E str
0 E str
0 E str
0 E str
0 E str
0 E str
0 E str
0 E str
0 E str
0 E str
0 E str
0 E str
0 E str
0 E str
0 E str
0 E str
0 E str
0 E str
0 E str
0 E str
0 E str
0 E str
0 E str
0 E str
0 E str
0 E str
0 E str
0 E str
0 E str
0 E str
0 E str
0 E str
0 E str
0 E str
0 E str
0 E str
0 E str
0 E str
0 E str
0 E str
0 E str
0 E str
0 E str
0 E str
0 E str
0 E str
0 E str
0 E str
0 E str
0 E str
0 E str
0 E str
0 E str
0 E str
0 E str
0 E str
0 E str
0 E str
0 E str
0 E str
0 E str
0 E str
0 E str
0 E str
0 E str
0 E str
0 E str
0 E str
0 E str
0 E str
0 E str
0 E str
0 E str
0 E str
0 E str
0 E str
0 E str
0 E str
0 E str
0 E str
0 E str
0 E str
0 E str
0 E str
0 E str
0 E str
0 E str
0 E str
0 E str
0 E str
0 E str
0 E str
0 E str
0 E str
0 E str
0 E str
0 E str
0 E str
0 E str
0 E str
0 E str
0 E str
0 E str
0 E str
0 E str
0 E str
0 E str
0 E str
0 E str
0 E str
0 E str
0 E str
0 E str
0 E str
0 E str
0 E str
0 E str
0 E str
0 E str
0 E str
0 E str
0 E str
0 E str
0 E str
0 E str
0 E str
0 E str
0 E str
0 E str
0 E str
0 E str
0 E str
0 E str
0 E str
0 E str
0 E str
0 E str
0 E str
0 E str
0 E str
0 E str
0 E str
0 E str
0 E str
0 E str
0 E str
0 E str
0 E str
0 E str
0 E str
0 E str
0 E str
0 E str
0 E str
0 E str
0 E str
0 E str
0 E str
0 E str
0 E str
0 E str
0 E str
0 E str
0 E str
0 E str
0 E str
0 E str
0 E str
0 E str
0 E str
0 E str
0 E str
0 E str
0 E str
0 E str
0 E str
0 E str
0 E str
0 E str
0 E str
0 E str
0 E str
0 E str
0 E str
0 E str
0 E str
0 E str
0 E str
0 E str
0 E str
0 E str
0 E str
0 E str
0 E str
0 E str
0 E str
0 E str
0 E str
0 E str
0 E str
0 E str
0 E str
0 E str
0 E str
0 E str
0 E str
0 E str
0 E str
0 E str
0 E str
0 E str
0 E str
0 E str
0 E str
0 E str
0 E str
0 E str
0 E str
0 E str
0 E str
0 E str
0 E str
0 E str
0 E str
0 E str
0 E str
0 E str
0 E str
0 E str
0 E str
0 E str
0 E str
0 E str
0 E str
0 E str
0 E str
0 E str
0 E str
0 E str
0 E str
0 E str
0 E str
0 E str
0 E str
0 E str
0 E str
0 E str
0 E str
0 E str
0 E str
0 E str
0 E str
0 E str
0 E str
0 E str
0 E str
0 E str
0 E str
0 E str
0 E str
0 E str
0 E str
0 E str
0 E str
0 E str
0 E str
0 E str
0 E str
0 E str
0 E str
0 E str
0 E str
0 E str
0 E str
0 E str
0 E str
0 E str
0 E str
0 E str
0 E str
0 E str
0 E str
0 E str
0 E str
0 E str
0 E str
0 E str
0 E str
0 E str
0 E str
0 E str
0 E str
0 E str
0 E str
0 E str
0 E str
0 E str
0 E str
0 E str
0 E str
0 E str
0 E str
0 E str
0 E str
0 E str
0 E str
0 E str
0 E str
0 E str
0 E str
0 E str
0 E str
0 E str
0 E str
0 E str
0 E str
0 E str
0 E str
0 E str
0 E str
0 E str
0 E str
0 E str
0 E str
0 E str
0 E str
0 E str
0 E str
0 E str
0 E str
0 E str
0 E str
0 E str
0 E str
0 E str
0 E str
0 E str
0 E str
0 E str
0 E str
0 E str
0 E str
0 E str
0 E str
0 E str
0 E str
0 E str
0 E str
0 E str
0 E str
0 E str
0 E str
0 E str
0 E str
0 E str
0 E str
0 E str
0 E str
0 E str
0 E str
0 E str
0 E str
0 E str
0 E str
0 E str
0 E str
0 E str
0 E str
0 E str
0 E str
0 E str
0 E str
0 E str
0 E str
0 E str
0 E str
0 E str
0 E str
0 E str
0 E str
0 E str
0 E str
0 E str
0 E str
0 E str
0 E str
0 E str
0 E str
0 E str
0 E str
0 E str
0 E str
0 E str
0 E str
0 E str
0 E str
0 E str
0 E str
0 E str
0 E str
0 E str
0 E str
0 E str
0 E str
0 E str
0 E str
0 E str
0 E str
0 E str
0 E str
0 E str
0 E str
0 E str
0 E str
0 E str
0 E str
0 E str
0 E str
0 E str
0 E str
0 E str
0 E str
0 E str
0 E str
0 E str
0 E str
0 E str
0 E str
0 E str
0 E str
0 E str
0 E str
0 E str
0 E str
0 E str
0 E str
0 E str
0 E str
0 E str
0 E str
0 E str
0 E str
0 E str
0 E str
0 E str
0 E str
0 E str
0 E str
0 E str
0 E str
0 E str
0 E str
0 E str
0 E str
0 E str
0 E str
0 E str
0 E str
0 E str
0 E str
0 E str
0 E str
0 E str
0 E str
0 E str
0 E str
0 E str
0 E str
0 E str
0 E str
0 E str
0 E str
0 E str
0 E str
0 E str
0 E str
0 E str
0 E str
0 E str
0 E str
0 E str
0 E str
0 E str
0 E str
0 E str
0 E str
0 E str
0 E str
0 E str
0 E str
0 E str
0 E str
0 E str
0 E str
0 E str
0 E str
0 E str
0 E str
0 E str
0 E str
0 E str
0 E str
0 E str
0 E str
0 E str
0 E str
0 E str
0 E str
0 E str
0 E str
0 E str
0 E str
0 E str
0 E str
0 E str
0 E str
0 E str
0 E str
0 E str
0 E str
0 E str
0 E str
0 E str
0 E str
0 E str
0 E str
0 E str
0 E str
0 E str
0 E str
0 E str
0 E str
0 E str
0 E str
0 E str
0 E str
0 E str
0 E str
0 E str
0 E str
0 E str
0 E str
0 E str
0 E str
0 E str
0 E str
0 E str
0 E str
0 E str
0 E str
0 E str
0 E str
0 E str
0 E str
0 E str
0 E str
0 E str
0 E str
0 E str
0 E str
0 E str
0 E str
0 E str
0 E str
0 E str
0 E str
0 E str
0 E str
0 E str
0 E str
0 E str
0 E str
0 E str
0 E str
0 E str
0 E str
0 E str
0 E str
0 E str
0 E str
0 E str
0 E str
0 E str
0 E str
0 E str
0 E str
0 E str
0 E str
0 E str
0 E str
0 E str
0 E str
0 E str
0 E str
0 E str
0 E str
0 E str
0 E str
