E 0 str
E 0 str
E 0 str
E 0 str
E 0 str
E 0 str
E 0 str
E 0 str
E 0 str
E 0 str
E 0 str
E 0 str
E 0 str
E 0 str
E 0 str
E 0 str
E 0 str
E 0 str
E 0 str
E 0 str
E 0 str
E 0 str
E 0 str
E 0 str
E 0 str
E 0 str
E 0 str
E 0 str
E 0 str
E 0 str
E 0 str
E 0 str
E 0 str
E 0 str
E 0 str
E 0 str
E 0 str
E 0 str
E 0 str
E 0 str
E 0 str
E 0 str
E 0 str
E 0 str
E 0 str
E 0 str
E 0 str
E 0 str
E 0 str
E 0 str
E 0 str
E 0 str
E 0 str
E 0 str
E 0 str
E 0 str
E 0 str
E 0 str
E 0 str
E 0 str
E 0 str
E 0 str
E 0 str
E 0 str
E 0 str
E 0 str
E 0 str
E 0 str
E 0 str
E 0 str
E 0 str
E 0 str
E 0 str
E 0 str
E 0 str
E 0 str
E 0 str
E 0 str
E 0 str
E 0 str
E 0 str
E 0 str
E 0 str
E 0 str
E 0 str
E 0 str
E 0 str
E 0 str
E 0 str
E 0 str
E 0 str
E 0 str
E 0 str
E 0 str
E 0 str
E 0 str
E 0 str
E 0 str
E 0 str
E 0 str
E 0 str
E 0 str
E 0 str
E 0 str
E 0 str
E 0 str
E 0 str
E 0 str
E 0 str
E 0 str
E 0 str
E 0 str
E 0 str
E 0 str
E 0 str
E 0 str
E 0 str
E 0 str
E 0 str
E 0 str
E 0 str
E 0 str
E 0 str
E 0 str
E 0 str
E 0 str
E 0 str
E 0 str
E 0 str
E 0 str
E 0 str
E 0 str
E 0 str
E 0 str
E 0 str
E 0 str
E 0 str
E 0 str
E 0 str
E 0 str
E 0 str
E 0 str
E 0 str
E 0 str
E 0 str
E 0 str
E 0 str
E 0 str
E 0 str
E 0 str
E 0 str
E 0 str
E 0 str
E 0 str
E 0 str
E 0 str
E 0 str
E 0 str
E 0 str
E 0 str
E 0 str
E 0 str
E 0 str
E 0 str
E 0 str
E 0 str
E 0 str
E 0 str
E 0 str
E 0 str
E 0 str
E 0 str
E 0 str
E 0 str
E 0 str
E 0 str
E 0 str
E 0 str
E 0 str
E 0 str
E 0 str
E 0 str
E 0 str
E 0 str
E 0 str
E 0 str
E 0 str
E 0 str
E 0 str
E 0 str
E 0 str
E 0 str
E 0 str
E 0 str
E 0 str
E 0 str
E 0 str
E 0 str
E 0 str
E 0 str
E 0 str
E 0 str
E 0 str
E 0 str
E 0 str
E 0 str
E 0 str
E 0 str
E 0 str
E 0 str
E 0 str
E 0 str
E 0 str
E 0 str
E 0 str
E 0 str
E 0 str
E 0 str
E 0 str
E 0 str
E 0 str
E 0 str
E 0 str
E 0 str
E 0 str
E 0 str
E 0 str
E 0 str
E 0 str
E 0 str
E 0 str
E 0 str
E 0 str
E 0 str
E 0 str
E 0 str
E 0 str
E 0 str
E 0 str
E 0 str
E 0 str
E 0 str
E 0 str
E 0 str
E 0 str
E 0 str
E 0 str
E 0 str
E 0 str
E 0 str
E 0 str
E 0 str
E 0 str
E 0 str
E 0 str
E 0 str
E 0 str
E 0 str
E 0 str
E 0 str
E 0 str
E 0 str
E 0 str
E 0 str
E 0 str
E 0 str
E 0 str
E 0 str
E 0 str
E 0 str
E 0 str
E 0 str
E 0 str
E 0 str
E 0 str
E 0 str
E 0 str
E 0 str
E 0 str
E 0 str
E 0 str
E 0 str
E 0 str
E 0 str
E 0 str
E 0 str
E 0 str
E 0 str
E 0 str
E 0 str
E 0 str
E 0 str
E 0 str
E 0 str
E 0 str
E 0 str
E 0 str
E 0 str
E 0 str
E 0 str
E 0 str
E 0 str
E 0 str
E 0 str
E 0 str
E 0 str
E 0 str
E 0 str
E 0 str
E 0 str
E 0 str
E 0 str
E 0 str
E 0 str
E 0 str
E 0 str
E 0 str
E 0 str
E 0 str
E 0 str
E 0 str
E 0 str
E 0 str
E 0 str
E 0 str
E 0 str
E 0 str
E 0 str
E 0 str
E 0 str
E 0 str
E 0 str
E 0 str
E 0 str
E 0 str
E 0 str
E 0 str
E 0 str
E 0 str
E 0 str
E 0 str
E 0 str
E 0 str
E 0 str
E 0 str
E 0 str
E 0 str
E 0 str
E 0 str
E 0 str
E 0 str
E 0 str
E 0 str
E 0 str
E 0 str
E 0 str
E 0 str
E 0 str
E 0 str
E 0 str
E 0 str
E 0 str
E 0 str
E 0 str
E 0 str
E 0 str
E 0 str
E 0 str
E 0 str
E 0 str
E 0 str
E 0 str
E 0 str
E 0 str
E 0 str
E 0 str
E 0 str
E 0 str
E 0 str
E 0 str
E 0 str
E 0 str
E 0 str
E 0 str
E 0 str
E 0 str
E 0 str
E 0 str
E 0 str
E 0 str
E 0 str
E 0 str
E 0 str
E 0 str
E 0 str
E 0 str
E 0 str
E 0 str
E 0 str
E 0 str
E 0 str
E 0 str
E 0 str
E 0 str
E 0 str
E 0 str
E 0 str
E 0 str
E 0 str
E 0 str
E 0 str
E 0 str
E 0 str
E 0 str
E 0 str
E 0 str
E 0 str
E 0 str
E 0 str
E 0 str
E 0 str
E 0 str
E 0 str
E 0 str
E 0 str
E 0 str
E 0 str
E 0 str
E 0 str
E 0 str
E 0 str
E 0 str
E 0 str
E 0 str
E 0 str
E 0 str
E 0 str
E 0 str
E 0 str
E 0 str
E 0 str
E 0 str
E 0 str
E 0 str
E 0 str
E 0 str
E 0 str
E 0 str
E 0 str
E 0 str
E 0 str
E 0 str
E 0 str
E 0 str
E 0 str
E 0 str
E 0 str
E 0 str
E 0 str
E 0 str
E 0 str
E 0 str
E 0 str
E 0 str
E 0 str
E 0 str
E 0 str
E 0 str
E 0 str
E 0 str
E 0 str
E 0 str
E 0 str
E 0 str
E 0 str
E 0 str
E 0 str
E 0 str
E 0 str
E 0 str
E 0 str
E 0 str
E 0 str
E 0 str
E 0 str
E 0 str
E 0 str
E 0 str
E 0 str
E 0 str
E 0 str
E 0 str
E 0 str
E 0 str
E 0 str
E 0 str
E 0 str
E 0 str
E 0 str
E 0 str
E 0 str
E 0 str
E 0 str
E 0 str
E 0 str
E 0 str
E 0 str
E 0 str
E 0 str
E 0 str
E 0 str
E 0 str
E 0 str
E 0 str
E 0 str
E 0 str
E 0 str
E 0 str
E 0 str
E 0 str
E 0 str
E 0 str
E 0 str
E 0 str
E 0 str
E 0 str
E 0 str
E 0 str
E 0 str
E 0 str
E 0 str
E 0 str
E 0 str
E 0 str
E 0 str
E 0 str
E 0 str
E 0 str
E 0 str
E 0 str
E 0 str
E 0 str
E 0 str
E 0 str
E 0 str
E 0 str
E 0 str
E 0 str
E 0 str
E 0 str
E 0 str
E 0 str
E 0 str
E 0 str
E 0 str
E 0 str
E 0 str
E 0 str
E 0 str
E 0 str
E 0 str
E 0 str
E 0 str
E 0 str
E 0 str
E 0 str
E 0 str
E 0 str
E 0 str
E 0 str
E 0 str
E 0 str
E 0 str
E 0 str
E 0 str
E 0 str
E 0 str
E 0 str
E 0 str
E 0 str
E 0 str
E 0 str
E 0 str
E 0 str
E 0 str
E 0 str
E 0 str
E 0 str
E 0 str
E 0 str
E 0 str
E 0 str
E 0 str
E 0 str
E 0 str
E 0 str
E 0 str
E 0 str
E 0 str
E 0 str
E 0 str
E 0 str
E 0 str
E 0 str
E 0 str
E 0 str
E 0 str
E 0 str
E 0 str
E 0 str
E 0 str
E 0 str
E 0 str
E 0 str
E 0 str
E 0 str
E 0 str
E 0 str
E 0 str
E 0 str
E 0 str
E 0 str
E 0 str
E 0 str
E 0 str
E 0 str
E 0 str
E 0 str
E 0 str
E 0 str
E 0 str
E 0 str
E 0 str
E 0 str
E 0 str
E 0 str
E 0 str
E 0 str
E 0 str
E 0 str
E 0 str
E 0 str
E 0 str
E 0 str
E 0 str
E 0 str
E 0 str
E 0 str
E 0 str
E 0 str
E 0 str
E 0 str
E 0 str
E 0 str
E 0 str
E 0 str
E 0 str
E 0 str
E 0 str
E 0 str
E 0 str
E 0 str
E 0 str
E 0 str
E 0 str
E 0 str
E 0 str
E 0 str
E 0 str
E 0 str
E 0 str
E 0 str
E 0 str
E 0 str
E 0 str
E 0 str
E 0 str
E 0 str
E 0 str
E 0 str
E 0 str
E 0 str
E 0 str
E 0 str
E 0 str
E 0 str
E 0 str
E 0 str
E 0 str
E 0 str
E 0 str
E 0 str
E 0 str
E 0 str
E 0 str
E 0 str
E 0 str
E 0 str
E 0 str
E 0 str
E 0 str
E 0 str
E 0 str
E 0 str
E 0 str
E 0 str
E 0 str
E 0 str
E 0 str
E 0 str
E 0 str
E 0 str
E 0 str
E 0 str
E 0 str
E 0 str
E 0 str
E 0 str
E 0 str
E 0 str
E 0 str
E 0 str
E 0 str
E 0 str
E 0 str
E 0 str
E 0 str
E 0 str
E 0 str
E 0 str
E 0 str
E 0 str
E 0 str
E 0 str
E 0 str
E 0 str
E 0 str
E 0 str
E 0 str
E 0 str
E 0 str
E 0 str
E 0 str
E 0 str
E 0 str
E 0 str
E 0 str
E 0 str
E 0 str
E 0 str
E 0 str
E 0 str
E 0 str
E 0 str
E 0 str
E 0 str
E 0 str
E 0 str
E 0 str
E 0 str
E 0 str
E 0 str
E 0 str
E 0 str
E 0 str
E 0 str
E 0 str
E 0 str
E 0 str
E 0 str
E 0 str
E 0 str
E 0 str
E 0 str
E 0 str
E 0 str
E 0 str
E 0 str
E 0 str
E 0 str
E 0 str
E 0 str
E 0 str
E 0 str
E 0 str
E 0 str
E 0 str
E 0 str
E 0 str
E 0 str
E 0 str
E 0 str
E 0 str
E 0 str
E 0 str
E 0 str
E 0 str
E 0 str
E 0 str
E 0 str
E 0 str
E 0 str
E 0 str
E 0 str
E 0 str
E 0 str
E 0 str
E 0 str
E 0 str
E 0 str
E 0 str
E 0 str
E 0 str
E 0 str
E 0 str
E 0 str
E 0 str
E 0 str
E 0 str
E 0 str
E 0 str
E 0 str
E 0 str
E 0 str
E 0 str
E 0 str
E 0 str
E 0 str
E 0 str
E 0 str
E 0 str
E 0 str
E 0 str
E 0 str
E 0 str
E 0 str
E 0 str
E 0 str
E 0 str
E 0 str
E 0 str
E 0 str
E 0 str
E 0 str
E 0 str
E 0 str
E 0 str
E 0 str
E 0 str
E 0 str
E 0 str
E 0 str
E 0 str
E 0 str
E 0 str
E 0 str
E 0 str
E 0 str
E 0 str
E 0 str
E 0 str
E 0 str
E 0 str
E 0 str
E 0 str
E 0 str
E 0 str
E 0 str
E 0 str
E 0 str
E 0 str
E 0 str
E 0 str
E 0 str
E 0 str
E 0 str
E 0 str
E 0 str
E 0 str
E 0 str
E 0 str
E 0 str
E 0 str
E 0 str
E 0 str
E 0 str
E 0 str
E 0 str
E 0 str
E 0 str
E 0 str
E 0 str
E 0 str
E 0 str
E 0 str
E 0 str
E 0 str
E 0 str
E 0 str
E 0 str
E 0 str
E 0 str
E 0 str
E 0 str
E 0 str
E 0 str
E 0 str
E 0 str
E 0 str
E 0 str
E 0 str
E 0 str
E 0 str
E 0 str
E 0 str
E 0 str
E 0 str
E 0 str
E 0 str
E 0 str
E 0 str
E 0 str
E 0 str
E 0 str
E 0 str
E 0 str
E 0 str
E 0 str
E 0 str
E 0 str
E 0 str
E 0 str
E 0 str
E 0 str
E 0 str
E 0 str
E 0 str
E 0 str
E 0 str
E 0 str
E 0 str
E 0 str
E 0 str
E 0 str
E 0 str
E 0 str
E 0 str
E 0 str
E 0 str
E 0 str
E 0 str
E 0 str
E 0 str
E 0 str
E 0 str
E 0 str
E 0 str
E 0 str
E 0 str
E 0 str
E 0 str
E 0 str
E 0 str
E 0 str
E 0 str
E 0 str
E 0 str
E 0 str
E 0 str
E 0 str
E 0 str
E 0 str
E 0 str
E 0 str
E 0 str
E 0 str
E 0 str
E 0 str
E 0 str
E 0 str
E 0 str
E 0 str
E 0 str
E 0 str
E 0 str
E 0 str
E 0 str
E 0 str
E 0 str
E 0 str
E 0 str
E 0 str
E 0 str
E 0 str
E 0 str
E 0 str
E 0 str
E 0 str
E 0 str
E 0 str
