0 ..E-. str
0 ..ee0 str
0 ..Ee- str
0 ..EEe str
0 ..EE. str
0 ..E.6 str
0 ..E.+ str
0 ..E.e str
0 ..e.. str
0 ...04 str
0 ...7- str
0 ...1E str
0 ...4. str
0 ...+3 str
0 ...++ str
0 ...+e str
0 ...+. str
0 ...e8 str
0 ...E+ str
0 ...Ee str
0 ...E. str
0 ....1 str
0 ....- str
0 ....e str
0 ..... str
