/
ERROR
ERROR
ERROR
ERROR
ERROR
ERROR
ERROR
ERROR
ERROR
ERROR
ERROR
ERROR
ERROR
ERROR
ERROR
ERROR
ERROR
ERROR
ERROR
ERROR
ERROR
ERROR
ERROR
ERROR
ERROR
ERROR
ERROR
ERROR
ERROR
ERROR
ERROR
ERROR
ERROR
ERROR
ERROR
ERROR
ERROR
ERROR
ERROR
ERROR
ERROR
ERROR
ERROR
ERROR
ERROR
ERROR
ERROR
ERROR
ERROR
ERROR
ERROR
ERROR
ERROR
ERROR
ERROR
ERROR
ERROR
ERROR
ERROR
ERROR
ERROR
ERROR
ERROR
ERROR
ERROR
ERROR
ERROR
ERROR
ERROR
ERROR
ERROR
ERROR
ERROR
ERROR
ERROR
ERROR
ERROR
ERROR
ERROR
ERROR
ERROR
ERROR
ERROR
ERROR
ERROR
ERROR
ERROR
ERROR
ERROR
/abcdef/ghijkl/+
/abcdef/+
ERROR
ERROR
/+
ERROR
ERROR
/abcdef/ghijkl/
/abcdef/ghijkl/mnop
/abcdef/
/abcdef/ghijkl/+
ERROR
ERROR
/
/abcdef/+
ERROR
ERROR
/abcdef/ghijkl/
/abcdef/ghijkl/mnop
/abcdef/
/abcdef/ghijkl/
/abcdef/ghijkl/mnop
ERROR
ERROR
/
/abcdef/
/abcdef/ghijkl/+
ERROR
ERROR
/abcdef/ghijkl/
/abcdef/ghijkl/mnop
/abcdef/
/abcdef/ghijkl/
/abcdef/ghijkl/mnop
ERROR
ERROR
/
/abcdef/
/abcdef/ghijkl/
/abcdef/ghijkl/mnop
ERROR
ERROR
/abcdef/ghijkl/
/abcdef/ghijkl/mnop
/abcdef/
/abcdef/ghijkl/
/abcdef/ghijkl/mnop
ERROR
ERROR
/
/abcdef/
/abcdef/ghijkl/
/abcdef/ghijkl/mnop
ERROR
ERROR
/abcdef/ghijkl/
/abcdef/ghijkl/mnop
/abcdef/
/abcdef/ghijkl/
/abcdef/ghijkl/mnop
ERROR
ERROR
/
/abcdef/
/abcdef/ghijkl/
/abcdef/ghijkl/mnop
ERROR
ERROR
/abcdef/ghijkl/
/abcdef/ghijkl/mnop
/abcdef/
/abcdef/ghijkl/
/abcdef/ghijkl/mnop
ERROR
ERROR
/
/abcdef/
/abcdef/ghijkl/
/abcdef/ghijkl/mnop
ERROR
ERROR
/abcdef/ghijkl/
/abcdef/ghijkl/mnop
/abcdef/
/abcdef/ghijkl/
/abcdef/ghijkl/mnop
ERROR
ERROR
/
/abcdef/
/abcdef/ghijkl/
/abcdef/ghijkl/mnop
ERROR
ERROR
/abcdef/ghijkl/
/abcdef/ghijkl/mnop
/abcdef/
/abcdef/ghijkl/
/abcdef/ghijkl/mnop
ERROR
ERROR
/
/abcdef/
/abcdef/ghijkl/
/abcdef/ghijkl/mnop
ERROR
ERROR
/abcdef/ghijkl/
/abcdef/ghijkl/mnop
/abcdef/
/abcdef/ghijkl/
/abcdef/ghijkl/mnop
ERROR
ERROR
/
/abcdef/
/abcdef/ghijkl/
/abcdef/ghijkl/mnop
