Send balloon of A to team 21 at time 0.
Send balloon of E to team 19 at time 0.
Send balloon of A to team 22 at time 0.
Send balloon of D to team 9 at time 0.
Send balloon of D to team 15 at time 0.
Send balloon of A to team 18 at time 0.
Send balloon of E to team 8 at time 0.
Send balloon of F to team 24 at time 0.
Send balloon of G to team 19 at time 0.
Send balloon of B to team 2 at time 0.
Send balloon of E to team 22 at time 0.
Send balloon of C to team 17 at time 0.
Send balloon of A to team 13 at time 0.
Send balloon of G to team 26 at time 0.
Send balloon of E to team 20 at time 0.
Send balloon of B to team 19 at time 0.
Send balloon of F to team 8 at time 0.
Send balloon of F to team 21 at time 0.
Send balloon of D to team 23 at time 0.
Send balloon of D to team 25 at time 0.
Send balloon of D to team 4 at time 0.
Send balloon of A to team 10 at time 0.
Send balloon of A to team 26 at time 0.
Send balloon of G to team 10 at time 0.
Send balloon of A to team 23 at time 0.
Send balloon of E to team 15 at time 0.
Send balloon of E to team 26 at time 0.
Send balloon of C to team 5 at time 0.
Send balloon of G to team 21 at time 0.
Send balloon of B to team 3 at time 0.
Send balloon of G to team 14 at time 0.
Send balloon of A to team 28 at time 0.
Send balloon of G to team 9 at time 0.
Send balloon of A to team 16 at time 0.
Send balloon of B to team 13 at time 0.
Send balloon of C to team 19 at time 0.
Send balloon of C to team 22 at time 0.
Send balloon of F to team 23 at time 0.
Send balloon of C to team 27 at time 0.
Send balloon of E to team 1 at time 0.
Send balloon of F to team 17 at time 0.
Send balloon of C to team 8 at time 0.
Send balloon of E to team 6 at time 0.
Send balloon of G to team 3 at time 0.
Send balloon of C to team 21 at time 0.
Send balloon of C to team 3 at time 0.
Send balloon of B to team 7 at time 0.
Send balloon of E to team 9 at time 0.
Send balloon of F to team 7 at time 0.
Send balloon of G to team 22 at time 0.
Send balloon of A to team 15 at time 0.
Send balloon of D to team 5 at time 0.
Send balloon of F to team 18 at time 0.
Send balloon of F to team 9 at time 0.
Send balloon of C to team 16 at time 0.
Send balloon of C to team 26 at time 0.
Send balloon of G to team 8 at time 0.
Send balloon of B to team 8 at time 0.
Send balloon of G to team 17 at time 0.
Send balloon of C to team 2 at time 0.
Send balloon of D to team 26 at time 0.
Send balloon of A to team 3 at time 0.
Send balloon of D to team 13 at time 0.
Send balloon of C to team 24 at time 0.
Send balloon of D to team 16 at time 0.
Send balloon of F to team 25 at time 0.
Send balloon of D to team 27 at time 0.
Send balloon of F to team 11 at time 0.
Send balloon of A to team 8 at time 0.
Send balloon of B to team 25 at time 0.
Send balloon of B to team 21 at time 0.
Send balloon of E to team 14 at time 0.
Send balloon of F to team 5 at time 0.
Send balloon of C to team 1 at time 0.
Send balloon of D to team 18 at time 0.
Send balloon of G to team 2 at time 0.
Send balloon of F to team 16 at time 0.
Send balloon of E to team 24 at time 0.
Send balloon of C to team 9 at time 0.
Send balloon of F to team 15 at time 0.
Send balloon of F to team 2 at time 0.
Send balloon of C to team 28 at time 0.
Send balloon of F to team 10 at time 0.
Send balloon of B to team 14 at time 0.
Send balloon of B to team 28 at time 0.
Send balloon of D to team 14 at time 0.
Send balloon of C to team 11 at time 0.
Send balloon of D to team 20 at time 0.
Send balloon of F to team 27 at time 0.
Send balloon of E to team 7 at time 0.
Send balloon of E to team 2 at time 0.
Send balloon of C to team 12 at time 0.
Send balloon of A to team 20 at time 0.
Send balloon of F to team 12 at time 0.
Send balloon of G to team 1 at time 0.
Send balloon of A to team 19 at time 0.
Send balloon of G to team 20 at time 0.
Send balloon of G to team 28 at time 0.
Send balloon of F to team 28 at time 0.
Send balloon of A to team 25 at time 0.
Send balloon of B to team 15 at time 0.
Send balloon of D to team 24 at time 0.
Send balloon of B to team 12 at time 0.
Send balloon of G to team 4 at time 0.
Send balloon of G to team 6 at time 0.
Send balloon of A to team 14 at time 0.
Send balloon of B to team 24 at time 0.
Send balloon of F to team 19 at time 0.
Send balloon of E to team 5 at time 0.
Send balloon of G to team 27 at time 0.
Send balloon of E to team 3 at time 0.
Send balloon of B to team 23 at time 0.
Send balloon of A to team 24 at time 0.
Send balloon of B to team 10 at time 0.
Send balloon of G to team 7 at time 0.
Send balloon of E to team 16 at time 0.
Send balloon of F to team 4 at time 0.
Send balloon of F to team 22 at time 0.
Send balloon of F to team 26 at time 0.
Send balloon of B to team 5 at time 0.
Send balloon of B to team 20 at time 0.
Send balloon of E to team 13 at time 0.
Send balloon of D to team 12 at time 0.
Send balloon of D to team 21 at time 0.
Send balloon of D to team 8 at time 0.
Send balloon of D to team 19 at time 0.
Send balloon of C to team 7 at time 0.
Send balloon of G to team 15 at time 0.
Send balloon of D to team 1 at time 0.
Send balloon of C to team 25 at time 0.
Send balloon of C to team 6 at time 0.
Send balloon of A to team 6 at time 0.
Send balloon of A to team 5 at time 0.
Send balloon of D to team 10 at time 0.
Send balloon of E to team 23 at time 0.
Send balloon of E to team 10 at time 0.
Send balloon of E to team 17 at time 0.
Send balloon of B to team 11 at time 0.
Send balloon of E to team 27 at time 0.
Send balloon of G to team 5 at time 0.
Send balloon of D to team 6 at time 0.
Send balloon of G to team 25 at time 0.
Send balloon of B to team 26 at time 0.
Send balloon of D to team 17 at time 0.
Send balloon of A to team 12 at time 0.
Send balloon of G to team 13 at time 0.
Send balloon of E to team 25 at time 0.
Send balloon of A to team 9 at time 0.
Send balloon of G to team 24 at time 0.
Send balloon of D to team 2 at time 0.
Send balloon of F to team 6 at time 0.
Send balloon of D to team 11 at time 0.
Send balloon of G to team 16 at time 0.
Send balloon of B to team 18 at time 0.
Send balloon of E to team 12 at time 0.
Send balloon of F to team 14 at time 0.
Send balloon of C to team 15 at time 0.
Send balloon of D to team 3 at time 0.
Send balloon of F to team 1 at time 0.
Send balloon of C to team 23 at time 0.
Send balloon of D to team 7 at time 0.
Send balloon of B to team 22 at time 0.
Send balloon of B to team 1 at time 1.
Send balloon of B to team 27 at time 1.
Send balloon of E to team 18 at time 1.
Send balloon of D to team 22 at time 1.
Send balloon of C to team 18 at time 1.
Send balloon of G to team 11 at time 1.
Send balloon of A to team 4 at time 1.
Send balloon of C to team 20 at time 1.
Send balloon of F to team 3 at time 1.
Send balloon of G to team 18 at time 1.
Send balloon of C to team 10 at time 1.
Send balloon of G to team 23 at time 1.
Send balloon of B to team 4 at time 1.
Send balloon of C to team 4 at time 1.
Send balloon of A to team 2 at time 1.
Send balloon of F to team 20 at time 1.
Send balloon of B to team 6 at time 1.
Send balloon of A to team 7 at time 1.
Send balloon of F to team 13 at time 1.
Send balloon of E to team 11 at time 1.
Send balloon of C to team 13 at time 1.
Send balloon of D to team 28 at time 1.
Send balloon of A to team 17 at time 1.
Send balloon of E to team 28 at time 1.
Send balloon of A to team 27 at time 1.
Send balloon of A to team 1 at time 1.
Send balloon of E to team 4 at time 2.
Send balloon of A to team 11 at time 2.
Send balloon of B to team 9 at time 2.
Send balloon of B to team 16 at time 2.
Send balloon of C to team 14 at time 2.
Send balloon of B to team 17 at time 2.
Send balloon of G to team 12 at time 2.
Send balloon of E to team 21 at time 3.
Go get snacks.
