Send balloon of G to team 9 at time 22.
Send balloon of B to team 14 at time 34.
Send balloon of A to team 2 at time 39.
Send balloon of A to team 23 at time 75.
Send balloon of G to team 21 at time 123.
Send balloon of G to team 6 at time 129.
Send balloon of C to team 23 at time 152.
Send balloon of G to team 27 at time 176.
Go get snacks.
