Send balloon of G to team 21 at time 7.
Send balloon of A to team 1 at time 37.
Send balloon of B to team 20 at time 48.
Send balloon of D to team 10 at time 57.
Send balloon of C to team 22 at time 71.
Send balloon of A to team 14 at time 89.
Send balloon of G to team 11 at time 109.
Send balloon of D to team 21 at time 118.
Send balloon of C to team 7 at time 136.
Send balloon of C to team 13 at time 165.
Go get snacks.
