Send balloon of F to team 18 at time 2.
Send balloon of F to team 12 at time 5.
Send balloon of G to team 17 at time 5.
Send balloon of F to team 26 at time 12.
Send balloon of D to team 17 at time 14.
Send balloon of B to team 1 at time 14.
Send balloon of A to team 13 at time 17.
Send balloon of D to team 27 at time 19.
Send balloon of D to team 1 at time 24.
Send balloon of G to team 3 at time 25.
Send balloon of B to team 13 at time 25.
Send balloon of G to team 8 at time 30.
Send balloon of A to team 17 at time 34.
Send balloon of D to team 15 at time 42.
Send balloon of C to team 25 at time 43.
Send balloon of F to team 23 at time 46.
Send balloon of C to team 28 at time 51.
Send balloon of B to team 25 at time 51.
Send balloon of A to team 4 at time 56.
Send balloon of G to team 14 at time 59.
Send balloon of C to team 17 at time 59.
Send balloon of B to team 15 at time 60.
Send balloon of A to team 15 at time 66.
Send balloon of G to team 24 at time 72.
Send balloon of C to team 9 at time 76.
Send balloon of C to team 27 at time 83.
Send balloon of B to team 22 at time 84.
Send balloon of B to team 24 at time 89.
Send balloon of B to team 10 at time 93.
Send balloon of A to team 27 at time 95.
Send balloon of A to team 20 at time 96.
Send balloon of A to team 19 at time 98.
Send balloon of F to team 8 at time 98.
Send balloon of C to team 15 at time 100.
Send balloon of A to team 26 at time 104.
Send balloon of B to team 5 at time 112.
Send balloon of B to team 11 at time 115.
Send balloon of F to team 11 at time 118.
Send balloon of E to team 6 at time 118.
Send balloon of E to team 3 at time 120.
Send balloon of A to team 16 at time 120.
Send balloon of A to team 28 at time 139.
Send balloon of C to team 14 at time 145.
Send balloon of B to team 6 at time 146.
Send balloon of A to team 21 at time 149.
Send balloon of G to team 18 at time 152.
Send balloon of D to team 23 at time 155.
Send balloon of B to team 7 at time 163.
Send balloon of F to team 3 at time 164.
Send balloon of C to team 3 at time 172.
Send balloon of G to team 5 at time 174.
Send balloon of G to team 19 at time 178.
Go get snacks.
